#
# There is insufficient memory for the Java Runtime Environment to continue.
# Native memory allocation (malloc) failed to allocate 19566160 bytes. Error detail: Chunk::new
# Possible reasons:
#   The system is out of physical RAM or swap space
#   This process is running with CompressedOops enabled, and the Java Heap may be blocking the growth of the native heap
# Possible solutions:
#   Reduce memory load on the system
#   Increase physical memory or swap space
#   Check if swap backing store is full
#   Decrease Java heap size (-Xmx/-Xms)
#   Decrease number of Java threads
#   Decrease Java thread stack sizes (-Xss)
#   Set larger code cache with -XX:ReservedCodeCacheSize=
#   JVM is running with Unscaled Compressed Oops mode in which the Java heap is
#     placed in the first 4GB address space. The Java Heap base address is the
#     maximum limit for the native heap growth. Please use -XX:HeapBaseMinAddress
#     to set the Java Heap base and to place the Java Heap above 4GB virtual address.
# This output file may be truncated or incomplete.
#
#  Out of Memory Error (arena.cpp:162), pid=51288, tid=51888
#
# JRE version: Java(TM) SE Runtime Environment (24.0.2+12) (build 24.0.2+12-54)
# Java VM: Java HotSpot(TM) 64-Bit Server VM (24.0.2+12-54, mixed mode, sharing, tiered, compressed oops, compressed class ptrs, g1 gc, windows-amd64)
# No core dump will be written. Minidumps are not enabled by default on client versions of Windows
#

---------------  S U M M A R Y ------------

Command Line: --add-opens=java.base/java.lang=ALL-UNNAMED --add-opens=java.base/java.lang.invoke=ALL-UNNAMED --add-opens=java.base/java.util=ALL-UNNAMED --add-opens=java.prefs/java.util.prefs=ALL-UNNAMED --add-exports=jdk.compiler/com.sun.tools.javac.api=ALL-UNNAMED --add-exports=jdk.compiler/com.sun.tools.javac.util=ALL-UNNAMED --add-opens=java.base/java.nio.charset=ALL-UNNAMED --add-opens=java.base/java.net=ALL-UNNAMED --add-opens=java.base/java.util.concurrent=ALL-UNNAMED --add-opens=java.base/java.util.concurrent.atomic=ALL-UNNAMED --add-opens=java.xml/javax.xml.namespace=ALL-UNNAMED --add-opens=java.base/java.time=ALL-UNNAMED --enable-native-access=ALL-UNNAMED -XX:MaxMetaspaceSize=384m -XX:+HeapDumpOnOutOfMemoryError -Xms256m -Xmx512m -Dfile.encoding=UTF-8 -Duser.country=RU -Duser.language=ru -Duser.variant -javaagent:C:\Users\UserH\.gradle\wrapper\dists\gradle-9.5.1-bin\iq79hdu3mqx29lgffhp8bfmx\gradle-9.5.1\lib\agents\gradle-instrumentation-agent-9.5.1.jar org.gradle.launcher.daemon.bootstrap.GradleDaemon 9.5.1

Host: AMD Ryzen 7 5700U with Radeon Graphics         , 16 cores, 15G,  Windows 11 , 64 bit Build 26100 (10.0.26100.8328)
Time: Tue May 19 00:33:35 2026 elapsed time: 7.307050 seconds (0d 0h 0m 7s)

---------------  T H R E A D  ---------------

Current thread (0x000001f6ff020890):  JavaThread "C2 CompilerThread0" daemon [_thread_in_native, id=51888, stack(0x00000018dda00000,0x00000018ddb00000) (1024K)]


Current CompileTask:
C2:7307 6812       4       java.lang.invoke.MethodType::makeImpl (155 bytes)

Stack: [0x00000018dda00000,0x00000018ddb00000]
Native frames: (J=compiled Java code, j=interpreted, Vv=VM code, C=native code)
V  [jvm.dll+0x730829]  (no source info available)
V  [jvm.dll+0x8d9da3]  (no source info available)
V  [jvm.dll+0x8dc28d]  (no source info available)
V  [jvm.dll+0x8dc903]  (no source info available)
V  [jvm.dll+0x2a9f56]  (no source info available)
V  [jvm.dll+0xced7f]  (no source info available)
V  [jvm.dll+0xcefdf]  (no source info available)
V  [jvm.dll+0x154c83]  (no source info available)
V  [jvm.dll+0x73604f]  (no source info available)
V  [jvm.dll+0x26f8dc]  (no source info available)
V  [jvm.dll+0x26e8ff]  (no source info available)
V  [jvm.dll+0x1e9c90]  (no source info available)
V  [jvm.dll+0x27e0cb]  (no source info available)
V  [jvm.dll+0x27c36a]  (no source info available)
V  [jvm.dll+0x42f396]  (no source info available)
V  [jvm.dll+0x87d9eb]  (no source info available)
V  [jvm.dll+0x72ef45]  (no source info available)
C  [ucrtbase.dll+0x37b0]  (no source info available)
C  [KERNEL32.DLL+0x2e957]  (no source info available)
C  [ntdll.dll+0x427c]  (no source info available)

Lock stack of current Java thread (top to bottom):


---------------  P R O C E S S  ---------------

Threads class SMR info:
_java_thread_list=0x000001f6ff5ea3e0, length=60, elements={
0x000001f6ca1c0b30, 0x000001f6ff006a40, 0x000001f6ff007180, 0x000001f6ff00e460,
0x000001f6ff011fe0, 0x000001f6ff012e80, 0x000001f6ff011890, 0x000001f6ff020890,
0x000001f6ff021020, 0x000001f6e5e0ca60, 0x000001f6ff12ab40, 0x000001f6ff168300,
0x000001f6ff0102a0, 0x000001f6ff00fb50, 0x000001f6805f42e0, 0x000001f6816d4150,
0x000001f6816d2b60, 0x000001f6816d0e20, 0x000001f6816d48a0, 0x000001f6816d1cc0,
0x000001f6816d2410, 0x000001f6816d1570, 0x000001f6816d5740, 0x000001f6816d65e0,
0x000001f6816d5e90, 0x000001f6816d6d30, 0x000001f6816d7480, 0x000001f6816d7bd0,
0x000001f6816d4ff0, 0x000001f681ebdc00, 0x000001f681eba8d0, 0x000001f681ebbec0,
0x000001f681ebc610, 0x000001f681ebb020, 0x000001f681ebb770, 0x000001f681cab7c0,
0x000001f6826a7780, 0x000001f681cabf10, 0x000001f681ca9330, 0x000001f681cacdb0,
0x000001f681ca9a80, 0x000001f681cadc50, 0x000001f681caf240, 0x000001f681cb00e0,
0x000001f681cb0830, 0x000001f681cad500, 0x000001f681cae3a0, 0x000001f681caeaf0,
0x000001f681caf990, 0x000001f6ff011140, 0x000001f681536bc0, 0x000001f6815355d0,
0x000001f681533fe0, 0x000001f681537310, 0x000001f681536470, 0x000001f681537a60,
0x000001f681534730, 0x000001f6815381b0, 0x000001f681534e80, 0x000001f681538900
}

Java Threads: ( => current thread )
  0x000001f6ca1c0b30 JavaThread "main"                              [_thread_blocked, id=38536, stack(0x00000018dcc00000,0x00000018dcd00000) (1024K)]
  0x000001f6ff006a40 JavaThread "Reference Handler"          daemon [_thread_blocked, id=51188, stack(0x00000018dd400000,0x00000018dd500000) (1024K)]
  0x000001f6ff007180 JavaThread "Finalizer"                  daemon [_thread_blocked, id=39196, stack(0x00000018dd500000,0x00000018dd600000) (1024K)]
  0x000001f6ff00e460 JavaThread "Signal Dispatcher"          daemon [_thread_blocked, id=45668, stack(0x00000018dd600000,0x00000018dd700000) (1024K)]
  0x000001f6ff011fe0 JavaThread "Attach Listener"            daemon [_thread_blocked, id=52412, stack(0x00000018dd700000,0x00000018dd800000) (1024K)]
  0x000001f6ff012e80 JavaThread "Service Thread"             daemon [_thread_blocked, id=53020, stack(0x00000018dd800000,0x00000018dd900000) (1024K)]
  0x000001f6ff011890 JavaThread "Monitor Deflation Thread"   daemon [_thread_blocked, id=49624, stack(0x00000018dd900000,0x00000018dda00000) (1024K)]
=>0x000001f6ff020890 JavaThread "C2 CompilerThread0"         daemon [_thread_in_native, id=51888, stack(0x00000018dda00000,0x00000018ddb00000) (1024K)]
  0x000001f6ff021020 JavaThread "C1 CompilerThread0"         daemon [_thread_blocked, id=16320, stack(0x00000018ddb00000,0x00000018ddc00000) (1024K)]
  0x000001f6e5e0ca60 JavaThread "C1 CompilerThread1"         daemon [_thread_blocked, id=1464, stack(0x00000018ddc00000,0x00000018ddd00000) (1024K)]
  0x000001f6ff12ab40 JavaThread "C1 CompilerThread2"         daemon [_thread_blocked, id=51976, stack(0x00000018ddd00000,0x00000018dde00000) (1024K)]
  0x000001f6ff168300 JavaThread "C2 CompilerThread1"         daemon [_thread_blocked, id=36428, stack(0x00000018dde00000,0x00000018ddf00000) (1024K)]
  0x000001f6ff0102a0 JavaThread "Common-Cleaner"             daemon [_thread_blocked, id=32932, stack(0x00000018ddf00000,0x00000018de000000) (1024K)]
  0x000001f6ff00fb50 JavaThread "Notification Thread"        daemon [_thread_blocked, id=41888, stack(0x00000018de000000,0x00000018de100000) (1024K)]
  0x000001f6805f42e0 JavaThread "C1 CompilerThread3"         daemon [_thread_blocked, id=52716, stack(0x00000018de400000,0x00000018de500000) (1024K)]
  0x000001f6816d4150 JavaThread "Daemon health stats"               [_thread_blocked, id=8832, stack(0x00000018dea00000,0x00000018deb00000) (1024K)]
  0x000001f6816d2b60 JavaThread "Incoming local TCP Connector on port 59815"        [_thread_in_native, id=45840, stack(0x00000018deb00000,0x00000018dec00000) (1024K)]
  0x000001f6816d0e20 JavaThread "Daemon periodic checks"            [_thread_blocked, id=34756, stack(0x00000018dec00000,0x00000018ded00000) (1024K)]
  0x000001f6816d48a0 JavaThread "Daemon"                            [_thread_blocked, id=52956, stack(0x00000018ded00000,0x00000018dee00000) (1024K)]
  0x000001f6816d1cc0 JavaThread "Handler for socket connection from /127.0.0.1:59815 to /127.0.0.1:59818"        [_thread_in_native, id=53136, stack(0x00000018dee00000,0x00000018def00000) (1024K)]
  0x000001f6816d2410 JavaThread "Cancel handler"                    [_thread_blocked, id=44808, stack(0x00000018def00000,0x00000018df000000) (1024K)]
  0x000001f6816d1570 JavaThread "Daemon worker"                     [_thread_blocked, id=41256, stack(0x00000018df000000,0x00000018df100000) (1024K)]
  0x000001f6816d5740 JavaThread "Asynchronous log dispatcher for DefaultDaemonConnection: socket connection from /127.0.0.1:59815 to /127.0.0.1:59818"        [_thread_blocked, id=6060, stack(0x00000018df100000,0x00000018df200000) (1024K)]
  0x000001f6816d65e0 JavaThread "Stdin handler"                     [_thread_blocked, id=28712, stack(0x00000018df200000,0x00000018df300000) (1024K)]
  0x000001f6816d5e90 JavaThread "Daemon client event forwarder"        [_thread_blocked, id=47548, stack(0x00000018df300000,0x00000018df400000) (1024K)]
  0x000001f6816d6d30 JavaThread "Cache worker for journal cache (C:\Users\UserH\.gradle\caches\journal-1)"        [_thread_blocked, id=1376, stack(0x00000018de200000,0x00000018de300000) (1024K)]
  0x000001f6816d7480 JavaThread "File lock request listener"        [_thread_in_native, id=3472, stack(0x00000018de300000,0x00000018de400000) (1024K)]
  0x000001f6816d7bd0 JavaThread "Cache worker for file hash cache (C:\Users\UserH\.gradle\caches\9.5.1\fileHashes)"        [_thread_blocked, id=50232, stack(0x00000018df400000,0x00000018df500000) (1024K)]
  0x000001f6816d4ff0 JavaThread "Cache worker for file hash cache (C:\Users\UserH\j25-26-main\j25-26-main\tasks\term-2\3\.gradle\9.5.1\fileHashes)"        [_thread_blocked, id=34796, stack(0x00000018df500000,0x00000018df600000) (1024K)]
  0x000001f681ebdc00 JavaThread "Cache worker for Build Output Cleanup Cache (C:\Users\UserH\j25-26-main\j25-26-main\tasks\term-2\3\.gradle\buildOutputCleanup)"        [_thread_blocked, id=31360, stack(0x00000018dff00000,0x00000018e0000000) (1024K)]
  0x000001f681eba8d0 JavaThread "File watcher server"        daemon [_thread_in_native, id=50092, stack(0x00000018e0000000,0x00000018e0100000) (1024K)]
  0x000001f681ebbec0 JavaThread "File watcher consumer"      daemon [_thread_blocked, id=11136, stack(0x00000018e0100000,0x00000018e0200000) (1024K)]
  0x000001f681ebc610 JavaThread "Cache worker for file content cache (C:\Users\UserH\.gradle\caches\9.5.1\fileContent)"        [_thread_blocked, id=18172, stack(0x00000018e0200000,0x00000018e0300000) (1024K)]
  0x000001f681ebb020 JavaThread "Cache worker for checksums cache (C:\Users\UserH\j25-26-main\j25-26-main\tasks\term-2\3\.gradle\9.5.1\checksums)"        [_thread_blocked, id=36704, stack(0x00000018e0300000,0x00000018e0400000) (1024K)]
  0x000001f681ebb770 JavaThread "Cache worker for cache directory md-supplier (C:\Users\UserH\.gradle\caches\9.5.1\md-supplier)"        [_thread_blocked, id=46912, stack(0x00000018e0400000,0x00000018e0500000) (1024K)]
  0x000001f681cab7c0 JavaThread "Cache worker for cache directory md-rule (C:\Users\UserH\.gradle\caches\9.5.1\md-rule)"        [_thread_blocked, id=52484, stack(0x00000018e0500000,0x00000018e0600000) (1024K)]
  0x000001f6826a7780 JavaThread "C2 CompilerThread2"         daemon [_thread_blocked, id=42164, stack(0x00000018de100000,0x00000018de200000) (1024K)]
  0x000001f681cabf10 JavaThread "Memory manager"                    [_thread_blocked, id=39304, stack(0x00000018e0600000,0x00000018e0700000) (1024K)]
  0x000001f681ca9330 JavaThread "included builds"                   [_thread_blocked, id=46324, stack(0x00000018e0700000,0x00000018e0800000) (1024K)]
  0x000001f681cacdb0 JavaThread "Execution worker"                  [_thread_blocked, id=47216, stack(0x00000018e0800000,0x00000018e0900000) (1024K)]
  0x000001f681ca9a80 JavaThread "Execution worker Thread 2"         [_thread_blocked, id=44992, stack(0x00000018e0900000,0x00000018e0a00000) (1024K)]
  0x000001f681cadc50 JavaThread "Execution worker Thread 3"         [_thread_blocked, id=37768, stack(0x00000018e0a00000,0x00000018e0b00000) (1024K)]
  0x000001f681caf240 JavaThread "Execution worker Thread 4"         [_thread_blocked, id=40964, stack(0x00000018e0b00000,0x00000018e0c00000) (1024K)]
  0x000001f681cb00e0 JavaThread "Execution worker Thread 5"         [_thread_blocked, id=7744, stack(0x00000018e0c00000,0x00000018e0d00000) (1024K)]
  0x000001f681cb0830 JavaThread "Execution worker Thread 6"         [_thread_blocked, id=31532, stack(0x00000018e0d00000,0x00000018e0e00000) (1024K)]
  0x000001f681cad500 JavaThread "Execution worker Thread 7"         [_thread_blocked, id=3156, stack(0x00000018e0e00000,0x00000018e0f00000) (1024K)]
  0x000001f681cae3a0 JavaThread "Execution worker Thread 8"         [_thread_blocked, id=52832, stack(0x00000018e0f00000,0x00000018e1000000) (1024K)]
  0x000001f681caeaf0 JavaThread "Execution worker Thread 9"         [_thread_blocked, id=23372, stack(0x00000018e1000000,0x00000018e1100000) (1024K)]
  0x000001f681caf990 JavaThread "Execution worker Thread 10"        [_thread_blocked, id=8708, stack(0x00000018e1100000,0x00000018e1200000) (1024K)]
  0x000001f6ff011140 JavaThread "Execution worker Thread 11"        [_thread_blocked, id=52624, stack(0x00000018e1200000,0x00000018e1300000) (1024K)]
  0x000001f681536bc0 JavaThread "Execution worker Thread 12"        [_thread_blocked, id=50844, stack(0x00000018e1300000,0x00000018e1400000) (1024K)]
  0x000001f6815355d0 JavaThread "Execution worker Thread 13"        [_thread_blocked, id=43092, stack(0x00000018e1400000,0x00000018e1500000) (1024K)]
  0x000001f681533fe0 JavaThread "Execution worker Thread 14"        [_thread_blocked, id=35268, stack(0x00000018e1500000,0x00000018e1600000) (1024K)]
  0x000001f681537310 JavaThread "Execution worker Thread 15"        [_thread_blocked, id=5616, stack(0x00000018e1600000,0x00000018e1700000) (1024K)]
  0x000001f681536470 JavaThread "Cache worker for execution history cache (C:\Users\UserH\j25-26-main\j25-26-main\tasks\term-2\3\.gradle\9.5.1\executionHistory)"        [_thread_blocked, id=51840, stack(0x00000018e1700000,0x00000018e1800000) (1024K)]
  0x000001f681537a60 JavaThread "Build operations"                  [_thread_blocked, id=49532, stack(0x00000018e1800000,0x00000018e1900000) (1024K)]
  0x000001f681534730 JavaThread "Build operations Thread 2"         [_thread_blocked, id=42748, stack(0x00000018e1900000,0x00000018e1a00000) (1024K)]
  0x000001f6815381b0 JavaThread "Exec process"                      [_thread_in_native, id=17220, stack(0x00000018e1a00000,0x00000018e1b00000) (1024K)]
  0x000001f681534e80 JavaThread "Exec process Thread 2"             [_thread_in_native, id=52616, stack(0x00000018e1b00000,0x00000018e1c00000) (1024K)]
  0x000001f681538900 JavaThread "Exec process Thread 3"             [_thread_in_native, id=22608, stack(0x00000018e1c00000,0x00000018e1d00000) (1024K)]
Total: 60

Other Threads:
  0x000001f6e5e174a0 VMThread "VM Thread"                           [id=35912, stack(0x00000018dd300000,0x00000018dd400000) (1024K)]
  0x000001f6e5ce06c0 WatcherThread "VM Periodic Task Thread"        [id=24228, stack(0x00000018dd200000,0x00000018dd300000) (1024K)]
  0x000001f6ca1ee410 WorkerThread "GC Thread#0"                     [id=47256, stack(0x00000018dcd00000,0x00000018dce00000) (1024K)]
  0x000001f68058f1d0 WorkerThread "GC Thread#1"                     [id=37080, stack(0x00000018de500000,0x00000018de600000) (1024K)]
  0x000001f680590440 WorkerThread "GC Thread#2"                     [id=21280, stack(0x00000018de600000,0x00000018de700000) (1024K)]
  0x000001f68058ea70 WorkerThread "GC Thread#3"                     [id=45692, stack(0x00000018de700000,0x00000018de800000) (1024K)]
  0x000001f68058fce0 WorkerThread "GC Thread#4"                     [id=21764, stack(0x00000018de800000,0x00000018de900000) (1024K)]
  0x000001f68058f580 WorkerThread "GC Thread#5"                     [id=52380, stack(0x00000018de900000,0x00000018dea00000) (1024K)]
  0x000001f680d3cab0 WorkerThread "GC Thread#6"                     [id=27072, stack(0x00000018df600000,0x00000018df700000) (1024K)]
  0x000001f680d39710 WorkerThread "GC Thread#7"                     [id=46880, stack(0x00000018df700000,0x00000018df800000) (1024K)]
  0x000001f680d3a5d0 WorkerThread "GC Thread#8"                     [id=9172, stack(0x00000018df800000,0x00000018df900000) (1024K)]
  0x000001f680d3bbf0 WorkerThread "GC Thread#9"                     [id=46300, stack(0x00000018df900000,0x00000018dfa00000) (1024K)]
  0x000001f680d3ce60 WorkerThread "GC Thread#10"                    [id=44832, stack(0x00000018dfa00000,0x00000018dfb00000) (1024K)]
  0x000001f680d3ad30 WorkerThread "GC Thread#11"                    [id=47028, stack(0x00000018dfb00000,0x00000018dfc00000) (1024K)]
  0x000001f680d39360 WorkerThread "GC Thread#12"                    [id=49200, stack(0x00000018dfc00000,0x00000018dfd00000) (1024K)]
  0x000001f6ca1f4370 ConcurrentGCThread "G1 Main Marker"            [id=17084, stack(0x00000018dce00000,0x00000018dcf00000) (1024K)]
  0x000001f6ca1f5b00 WorkerThread "G1 Conc#0"                       [id=1488, stack(0x00000018dcf00000,0x00000018dd000000) (1024K)]
  0x000001f680d3b0e0 WorkerThread "G1 Conc#1"                       [id=52416, stack(0x00000018dfd00000,0x00000018dfe00000) (1024K)]
  0x000001f680d3b490 WorkerThread "G1 Conc#2"                       [id=49020, stack(0x00000018dfe00000,0x00000018dff00000) (1024K)]
  0x000001f6e5cd1630 ConcurrentGCThread "G1 Refine#0"               [id=29740, stack(0x00000018dd000000,0x00000018dd100000) (1024K)]
  0x000001f6e5cd1e60 ConcurrentGCThread "G1 Service"                [id=9096, stack(0x00000018dd100000,0x00000018dd200000) (1024K)]
Total: 21

Threads with active compile tasks:
C2 CompilerThread0  7357 6812       4       java.lang.invoke.MethodType::makeImpl (155 bytes)
Total: 1

VM state: not at safepoint (normal execution)

VM Mutex/Monitor currently owned by a thread: None

Heap address: 0x00000000e0000000, size: 512 MB, Compressed Oops mode: 32-bit

CDS archive(s) mapped at: [0x000001f6e6000000-0x000001f6e6d40000-0x000001f6e6d40000), size 13893632, SharedBaseAddress: 0x000001f6e6000000, ArchiveRelocationMode: 1.
Compressed class space mapped at: 0x000001f6e7000000-0x000001f6fb000000, reserved size: 335544320
UseCompressedClassPointers 1, UseCompactObjectHeaders 0
Narrow klass pointer bits 32, Max shift 3
Narrow klass base: 0x000001f6e6000000, Narrow klass shift: 0
Encoding Range: [0x000001f6e6000000 - 0x000001f7e6000000), (4294967296 bytes)
Klass Range:    [0x000001f6e6000000 - 0x000001f6fb000000), (352321536 bytes)
Klass ID Range:  [8 - 352321529) (352321521)

GC Precious Log:
 CardTable entry size: 512
 Card Set container configuration: InlinePtr #cards 5 size 8 Array Of Cards #cards 10 size 36 Howl #buckets 4 coarsen threshold 1843 Howl Bitmap #cards 512 size 80 coarsen threshold 460 Card regions per heap region 1 cards per card region 2048
 CPUs: 16 total, 16 available
 Memory: 15706M
 Large Page Support: Disabled
 NUMA Support: Disabled
 Compressed Oops: Enabled (32-bit)
 Heap Region Size: 1M
 Heap Min Capacity: 256M
 Heap Initial Capacity: 256M
 Heap Max Capacity: 512M
 Pre-touch: Disabled
 Parallel Workers: 13
 Concurrent Workers: 3
 Concurrent Refinement Workers: 13
 Periodic GC: Disabled

Heap:
 garbage-first heap   total reserved 524288K, committed 262144K, used 48723K [0x00000000e0000000, 0x0000000100000000)
  region size 1024K, 19 young (19456K), 11 survivors (11264K)
 Metaspace       used 59969K, committed 62016K, reserved 393216K
  class space    used 7150K, committed 8128K, reserved 327680K

Heap Regions: E=young(eden), S=young(survivor), O=old, HS=humongous(starts), HC=humongous(continues), CS=collection set, F=free, TAMS=top-at-mark-start, PB=parsable bottom
|   0|0x00000000e0000000, 0x00000000e0100000, 0x00000000e0100000|100%|HS|  |TAMS 0x00000000e0000000| PB 0x00000000e0000000| Complete |  0
|   1|0x00000000e0100000, 0x00000000e0200000, 0x00000000e0200000|100%|HC|  |TAMS 0x00000000e0100000| PB 0x00000000e0100000| Complete |  0
|   2|0x00000000e0200000, 0x00000000e0300000, 0x00000000e0300000|100%|HC|  |TAMS 0x00000000e0200000| PB 0x00000000e0200000| Complete |  0
|   3|0x00000000e0300000, 0x00000000e0400000, 0x00000000e0400000|100%|HC|  |TAMS 0x00000000e0300000| PB 0x00000000e0300000| Complete |  0
|   4|0x00000000e0400000, 0x00000000e0500000, 0x00000000e0500000|100%| O|  |TAMS 0x00000000e0400000| PB 0x00000000e0400000| Untracked |  0
|   5|0x00000000e0500000, 0x00000000e0600000, 0x00000000e0600000|100%| O|  |TAMS 0x00000000e0500000| PB 0x00000000e0500000| Untracked |  0
|   6|0x00000000e0600000, 0x00000000e0700000, 0x00000000e0700000|100%|HS|  |TAMS 0x00000000e0600000| PB 0x00000000e0600000| Complete |  0
|   7|0x00000000e0700000, 0x00000000e0800000, 0x00000000e0800000|100%| O|  |TAMS 0x00000000e0700000| PB 0x00000000e0700000| Untracked |  0
|   8|0x00000000e0800000, 0x00000000e0900000, 0x00000000e0900000|100%| O|  |TAMS 0x00000000e0800000| PB 0x00000000e0800000| Untracked |  0
|   9|0x00000000e0900000, 0x00000000e0a00000, 0x00000000e0a00000|100%| O|  |TAMS 0x00000000e0900000| PB 0x00000000e0900000| Untracked |  0
|  10|0x00000000e0a00000, 0x00000000e0b00000, 0x00000000e0b00000|100%| O|  |TAMS 0x00000000e0a00000| PB 0x00000000e0a00000| Untracked |  0
|  11|0x00000000e0b00000, 0x00000000e0c00000, 0x00000000e0c00000|100%| O|  |TAMS 0x00000000e0b00000| PB 0x00000000e0b00000| Untracked |  0
|  12|0x00000000e0c00000, 0x00000000e0d00000, 0x00000000e0d00000|100%| O|  |TAMS 0x00000000e0c00000| PB 0x00000000e0c00000| Untracked |  0
|  13|0x00000000e0d00000, 0x00000000e0e00000, 0x00000000e0e00000|100%| O|  |TAMS 0x00000000e0d00000| PB 0x00000000e0d00000| Untracked |  0
|  14|0x00000000e0e00000, 0x00000000e0f00000, 0x00000000e0f00000|100%| O|  |TAMS 0x00000000e0e00000| PB 0x00000000e0e00000| Untracked |  0
|  15|0x00000000e0f00000, 0x00000000e1000000, 0x00000000e1000000|100%| O|  |TAMS 0x00000000e0f00000| PB 0x00000000e0f00000| Untracked |  0
|  16|0x00000000e1000000, 0x00000000e1100000, 0x00000000e1100000|100%| O|  |TAMS 0x00000000e1000000| PB 0x00000000e1000000| Untracked |  0
|  17|0x00000000e1100000, 0x00000000e1200000, 0x00000000e1200000|100%| O|  |TAMS 0x00000000e1100000| PB 0x00000000e1100000| Untracked |  0
|  18|0x00000000e1200000, 0x00000000e1300000, 0x00000000e1300000|100%| O|  |TAMS 0x00000000e1200000| PB 0x00000000e1200000| Untracked |  0
|  19|0x00000000e1300000, 0x00000000e1400000, 0x00000000e1400000|100%| O|  |TAMS 0x00000000e1300000| PB 0x00000000e1300000| Untracked |  0
|  20|0x00000000e1400000, 0x00000000e1500000, 0x00000000e1500000|100%| O|  |TAMS 0x00000000e1400000| PB 0x00000000e1400000| Untracked |  0
|  21|0x00000000e1500000, 0x00000000e1500000, 0x00000000e1600000|  0%| F|  |TAMS 0x00000000e1500000| PB 0x00000000e1500000| Untracked |  0
|  22|0x00000000e1600000, 0x00000000e1700000, 0x00000000e1700000|100%| O|  |TAMS 0x00000000e1600000| PB 0x00000000e1600000| Untracked |  0
|  23|0x00000000e1700000, 0x00000000e1800000, 0x00000000e1800000|100%| O|Cm|TAMS 0x00000000e1700000| PB 0x00000000e1700000| Complete |  0
|  24|0x00000000e1800000, 0x00000000e1900000, 0x00000000e1900000|100%| O|  |TAMS 0x00000000e1800000| PB 0x00000000e1800000| Untracked |  0
|  25|0x00000000e1900000, 0x00000000e1a00000, 0x00000000e1a00000|100%| O|  |TAMS 0x00000000e1900000| PB 0x00000000e1900000| Untracked |  0
|  26|0x00000000e1a00000, 0x00000000e1b00000, 0x00000000e1b00000|100%| O|  |TAMS 0x00000000e1a00000| PB 0x00000000e1a00000| Untracked |  0
|  27|0x00000000e1b00000, 0x00000000e1c00000, 0x00000000e1c00000|100%| O|  |TAMS 0x00000000e1b00000| PB 0x00000000e1b00000| Untracked |  0
|  28|0x00000000e1c00000, 0x00000000e1d00000, 0x00000000e1d00000|100%| O|  |TAMS 0x00000000e1c00000| PB 0x00000000e1c00000| Untracked |  0
|  29|0x00000000e1d00000, 0x00000000e1dd34c8, 0x00000000e1e00000| 82%| O|  |TAMS 0x00000000e1d00000| PB 0x00000000e1d00000| Untracked |  0
|  30|0x00000000e1e00000, 0x00000000e1e00000, 0x00000000e1f00000|  0%| F|  |TAMS 0x00000000e1e00000| PB 0x00000000e1e00000| Untracked |  0
|  31|0x00000000e1f00000, 0x00000000e1f00000, 0x00000000e2000000|  0%| F|  |TAMS 0x00000000e1f00000| PB 0x00000000e1f00000| Untracked |  0
|  32|0x00000000e2000000, 0x00000000e2000000, 0x00000000e2100000|  0%| F|  |TAMS 0x00000000e2000000| PB 0x00000000e2000000| Untracked |  0
|  33|0x00000000e2100000, 0x00000000e2100000, 0x00000000e2200000|  0%| F|  |TAMS 0x00000000e2100000| PB 0x00000000e2100000| Untracked |  0
|  34|0x00000000e2200000, 0x00000000e2200000, 0x00000000e2300000|  0%| F|  |TAMS 0x00000000e2200000| PB 0x00000000e2200000| Untracked |  0
|  35|0x00000000e2300000, 0x00000000e2300000, 0x00000000e2400000|  0%| F|  |TAMS 0x00000000e2300000| PB 0x00000000e2300000| Untracked |  0
|  36|0x00000000e2400000, 0x00000000e2400000, 0x00000000e2500000|  0%| F|  |TAMS 0x00000000e2400000| PB 0x00000000e2400000| Untracked |  0
|  37|0x00000000e2500000, 0x00000000e2500000, 0x00000000e2600000|  0%| F|  |TAMS 0x00000000e2500000| PB 0x00000000e2500000| Untracked |  0
|  38|0x00000000e2600000, 0x00000000e2600000, 0x00000000e2700000|  0%| F|  |TAMS 0x00000000e2600000| PB 0x00000000e2600000| Untracked |  0
|  39|0x00000000e2700000, 0x00000000e2700000, 0x00000000e2800000|  0%| F|  |TAMS 0x00000000e2700000| PB 0x00000000e2700000| Untracked |  0
|  40|0x00000000e2800000, 0x00000000e2800000, 0x00000000e2900000|  0%| F|  |TAMS 0x00000000e2800000| PB 0x00000000e2800000| Untracked |  0
|  41|0x00000000e2900000, 0x00000000e2900000, 0x00000000e2a00000|  0%| F|  |TAMS 0x00000000e2900000| PB 0x00000000e2900000| Untracked |  0
|  42|0x00000000e2a00000, 0x00000000e2a00000, 0x00000000e2b00000|  0%| F|  |TAMS 0x00000000e2a00000| PB 0x00000000e2a00000| Untracked |  0
|  43|0x00000000e2b00000, 0x00000000e2b00000, 0x00000000e2c00000|  0%| F|  |TAMS 0x00000000e2b00000| PB 0x00000000e2b00000| Untracked |  0
|  44|0x00000000e2c00000, 0x00000000e2c00000, 0x00000000e2d00000|  0%| F|  |TAMS 0x00000000e2c00000| PB 0x00000000e2c00000| Untracked |  0
|  45|0x00000000e2d00000, 0x00000000e2d00000, 0x00000000e2e00000|  0%| F|  |TAMS 0x00000000e2d00000| PB 0x00000000e2d00000| Untracked |  0
|  46|0x00000000e2e00000, 0x00000000e2e00000, 0x00000000e2f00000|  0%| F|  |TAMS 0x00000000e2e00000| PB 0x00000000e2e00000| Untracked |  0
|  47|0x00000000e2f00000, 0x00000000e2f00000, 0x00000000e3000000|  0%| F|  |TAMS 0x00000000e2f00000| PB 0x00000000e2f00000| Untracked |  0
|  48|0x00000000e3000000, 0x00000000e3000000, 0x00000000e3100000|  0%| F|  |TAMS 0x00000000e3000000| PB 0x00000000e3000000| Untracked |  0
|  49|0x00000000e3100000, 0x00000000e3100000, 0x00000000e3200000|  0%| F|  |TAMS 0x00000000e3100000| PB 0x00000000e3100000| Untracked |  0
|  50|0x00000000e3200000, 0x00000000e3200000, 0x00000000e3300000|  0%| F|  |TAMS 0x00000000e3200000| PB 0x00000000e3200000| Untracked |  0
|  51|0x00000000e3300000, 0x00000000e3300000, 0x00000000e3400000|  0%| F|  |TAMS 0x00000000e3300000| PB 0x00000000e3300000| Untracked |  0
|  52|0x00000000e3400000, 0x00000000e3400000, 0x00000000e3500000|  0%| F|  |TAMS 0x00000000e3400000| PB 0x00000000e3400000| Untracked |  0
|  53|0x00000000e3500000, 0x00000000e3500000, 0x00000000e3600000|  0%| F|  |TAMS 0x00000000e3500000| PB 0x00000000e3500000| Untracked |  0
|  54|0x00000000e3600000, 0x00000000e3600000, 0x00000000e3700000|  0%| F|  |TAMS 0x00000000e3600000| PB 0x00000000e3600000| Untracked |  0
|  55|0x00000000e3700000, 0x00000000e3700000, 0x00000000e3800000|  0%| F|  |TAMS 0x00000000e3700000| PB 0x00000000e3700000| Untracked |  0
|  56|0x00000000e3800000, 0x00000000e3800000, 0x00000000e3900000|  0%| F|  |TAMS 0x00000000e3800000| PB 0x00000000e3800000| Untracked |  0
|  57|0x00000000e3900000, 0x00000000e3900000, 0x00000000e3a00000|  0%| F|  |TAMS 0x00000000e3900000| PB 0x00000000e3900000| Untracked |  0
|  58|0x00000000e3a00000, 0x00000000e3a00000, 0x00000000e3b00000|  0%| F|  |TAMS 0x00000000e3a00000| PB 0x00000000e3a00000| Untracked |  0
|  59|0x00000000e3b00000, 0x00000000e3b00000, 0x00000000e3c00000|  0%| F|  |TAMS 0x00000000e3b00000| PB 0x00000000e3b00000| Untracked |  0
|  60|0x00000000e3c00000, 0x00000000e3c00000, 0x00000000e3d00000|  0%| F|  |TAMS 0x00000000e3c00000| PB 0x00000000e3c00000| Untracked |  0
|  61|0x00000000e3d00000, 0x00000000e3d00000, 0x00000000e3e00000|  0%| F|  |TAMS 0x00000000e3d00000| PB 0x00000000e3d00000| Untracked |  0
|  62|0x00000000e3e00000, 0x00000000e3e00000, 0x00000000e3f00000|  0%| F|  |TAMS 0x00000000e3e00000| PB 0x00000000e3e00000| Untracked |  0
|  63|0x00000000e3f00000, 0x00000000e3f00000, 0x00000000e4000000|  0%| F|  |TAMS 0x00000000e3f00000| PB 0x00000000e3f00000| Untracked |  0
|  64|0x00000000e4000000, 0x00000000e4000000, 0x00000000e4100000|  0%| F|  |TAMS 0x00000000e4000000| PB 0x00000000e4000000| Untracked |  0
|  65|0x00000000e4100000, 0x00000000e4100000, 0x00000000e4200000|  0%| F|  |TAMS 0x00000000e4100000| PB 0x00000000e4100000| Untracked |  0
|  66|0x00000000e4200000, 0x00000000e4200000, 0x00000000e4300000|  0%| F|  |TAMS 0x00000000e4200000| PB 0x00000000e4200000| Untracked |  0
|  67|0x00000000e4300000, 0x00000000e4300000, 0x00000000e4400000|  0%| F|  |TAMS 0x00000000e4300000| PB 0x00000000e4300000| Untracked |  0
|  68|0x00000000e4400000, 0x00000000e4400000, 0x00000000e4500000|  0%| F|  |TAMS 0x00000000e4400000| PB 0x00000000e4400000| Untracked |  0
|  69|0x00000000e4500000, 0x00000000e4500000, 0x00000000e4600000|  0%| F|  |TAMS 0x00000000e4500000| PB 0x00000000e4500000| Untracked |  0
|  70|0x00000000e4600000, 0x00000000e4600000, 0x00000000e4700000|  0%| F|  |TAMS 0x00000000e4600000| PB 0x00000000e4600000| Untracked |  0
|  71|0x00000000e4700000, 0x00000000e4700000, 0x00000000e4800000|  0%| F|  |TAMS 0x00000000e4700000| PB 0x00000000e4700000| Untracked |  0
|  72|0x00000000e4800000, 0x00000000e4800000, 0x00000000e4900000|  0%| F|  |TAMS 0x00000000e4800000| PB 0x00000000e4800000| Untracked |  0
|  73|0x00000000e4900000, 0x00000000e4900000, 0x00000000e4a00000|  0%| F|  |TAMS 0x00000000e4900000| PB 0x00000000e4900000| Untracked |  0
|  74|0x00000000e4a00000, 0x00000000e4a00000, 0x00000000e4b00000|  0%| F|  |TAMS 0x00000000e4a00000| PB 0x00000000e4a00000| Untracked |  0
|  75|0x00000000e4b00000, 0x00000000e4b00000, 0x00000000e4c00000|  0%| F|  |TAMS 0x00000000e4b00000| PB 0x00000000e4b00000| Untracked |  0
|  76|0x00000000e4c00000, 0x00000000e4c00000, 0x00000000e4d00000|  0%| F|  |TAMS 0x00000000e4c00000| PB 0x00000000e4c00000| Untracked |  0
|  77|0x00000000e4d00000, 0x00000000e4d00000, 0x00000000e4e00000|  0%| F|  |TAMS 0x00000000e4d00000| PB 0x00000000e4d00000| Untracked |  0
|  78|0x00000000e4e00000, 0x00000000e4e00000, 0x00000000e4f00000|  0%| F|  |TAMS 0x00000000e4e00000| PB 0x00000000e4e00000| Untracked |  0
|  79|0x00000000e4f00000, 0x00000000e4f00000, 0x00000000e5000000|  0%| F|  |TAMS 0x00000000e4f00000| PB 0x00000000e4f00000| Untracked |  0
|  80|0x00000000e5000000, 0x00000000e5000000, 0x00000000e5100000|  0%| F|  |TAMS 0x00000000e5000000| PB 0x00000000e5000000| Untracked |  0
|  81|0x00000000e5100000, 0x00000000e5100000, 0x00000000e5200000|  0%| F|  |TAMS 0x00000000e5100000| PB 0x00000000e5100000| Untracked |  0
|  82|0x00000000e5200000, 0x00000000e5200000, 0x00000000e5300000|  0%| F|  |TAMS 0x00000000e5200000| PB 0x00000000e5200000| Untracked |  0
|  83|0x00000000e5300000, 0x00000000e5300000, 0x00000000e5400000|  0%| F|  |TAMS 0x00000000e5300000| PB 0x00000000e5300000| Untracked |  0
|  84|0x00000000e5400000, 0x00000000e5400000, 0x00000000e5500000|  0%| F|  |TAMS 0x00000000e5400000| PB 0x00000000e5400000| Untracked |  0
|  85|0x00000000e5500000, 0x00000000e5500000, 0x00000000e5600000|  0%| F|  |TAMS 0x00000000e5500000| PB 0x00000000e5500000| Untracked |  0
|  86|0x00000000e5600000, 0x00000000e5600000, 0x00000000e5700000|  0%| F|  |TAMS 0x00000000e5600000| PB 0x00000000e5600000| Untracked |  0
|  87|0x00000000e5700000, 0x00000000e5700000, 0x00000000e5800000|  0%| F|  |TAMS 0x00000000e5700000| PB 0x00000000e5700000| Untracked |  0
|  88|0x00000000e5800000, 0x00000000e5800000, 0x00000000e5900000|  0%| F|  |TAMS 0x00000000e5800000| PB 0x00000000e5800000| Untracked |  0
|  89|0x00000000e5900000, 0x00000000e5900000, 0x00000000e5a00000|  0%| F|  |TAMS 0x00000000e5900000| PB 0x00000000e5900000| Untracked |  0
|  90|0x00000000e5a00000, 0x00000000e5a00000, 0x00000000e5b00000|  0%| F|  |TAMS 0x00000000e5a00000| PB 0x00000000e5a00000| Untracked |  0
|  91|0x00000000e5b00000, 0x00000000e5b00000, 0x00000000e5c00000|  0%| F|  |TAMS 0x00000000e5b00000| PB 0x00000000e5b00000| Untracked |  0
|  92|0x00000000e5c00000, 0x00000000e5c00000, 0x00000000e5d00000|  0%| F|  |TAMS 0x00000000e5c00000| PB 0x00000000e5c00000| Untracked |  0
|  93|0x00000000e5d00000, 0x00000000e5d00000, 0x00000000e5e00000|  0%| F|  |TAMS 0x00000000e5d00000| PB 0x00000000e5d00000| Untracked |  0
|  94|0x00000000e5e00000, 0x00000000e5e00000, 0x00000000e5f00000|  0%| F|  |TAMS 0x00000000e5e00000| PB 0x00000000e5e00000| Untracked |  0
|  95|0x00000000e5f00000, 0x00000000e5f00000, 0x00000000e6000000|  0%| F|  |TAMS 0x00000000e5f00000| PB 0x00000000e5f00000| Untracked |  0
|  96|0x00000000e6000000, 0x00000000e6000000, 0x00000000e6100000|  0%| F|  |TAMS 0x00000000e6000000| PB 0x00000000e6000000| Untracked |  0
|  97|0x00000000e6100000, 0x00000000e6100000, 0x00000000e6200000|  0%| F|  |TAMS 0x00000000e6100000| PB 0x00000000e6100000| Untracked |  0
|  98|0x00000000e6200000, 0x00000000e6200000, 0x00000000e6300000|  0%| F|  |TAMS 0x00000000e6200000| PB 0x00000000e6200000| Untracked |  0
|  99|0x00000000e6300000, 0x00000000e6300000, 0x00000000e6400000|  0%| F|  |TAMS 0x00000000e6300000| PB 0x00000000e6300000| Untracked |  0
| 100|0x00000000e6400000, 0x00000000e6400000, 0x00000000e6500000|  0%| F|  |TAMS 0x00000000e6400000| PB 0x00000000e6400000| Untracked |  0
| 101|0x00000000e6500000, 0x00000000e6500000, 0x00000000e6600000|  0%| F|  |TAMS 0x00000000e6500000| PB 0x00000000e6500000| Untracked |  0
| 102|0x00000000e6600000, 0x00000000e6600000, 0x00000000e6700000|  0%| F|  |TAMS 0x00000000e6600000| PB 0x00000000e6600000| Untracked |  0
| 103|0x00000000e6700000, 0x00000000e6700000, 0x00000000e6800000|  0%| F|  |TAMS 0x00000000e6700000| PB 0x00000000e6700000| Untracked |  0
| 104|0x00000000e6800000, 0x00000000e6800000, 0x00000000e6900000|  0%| F|  |TAMS 0x00000000e6800000| PB 0x00000000e6800000| Untracked |  0
| 105|0x00000000e6900000, 0x00000000e6900000, 0x00000000e6a00000|  0%| F|  |TAMS 0x00000000e6900000| PB 0x00000000e6900000| Untracked |  0
| 106|0x00000000e6a00000, 0x00000000e6a00000, 0x00000000e6b00000|  0%| F|  |TAMS 0x00000000e6a00000| PB 0x00000000e6a00000| Untracked |  0
| 107|0x00000000e6b00000, 0x00000000e6b00000, 0x00000000e6c00000|  0%| F|  |TAMS 0x00000000e6b00000| PB 0x00000000e6b00000| Untracked |  0
| 108|0x00000000e6c00000, 0x00000000e6c00000, 0x00000000e6d00000|  0%| F|  |TAMS 0x00000000e6c00000| PB 0x00000000e6c00000| Untracked |  0
| 109|0x00000000e6d00000, 0x00000000e6d00000, 0x00000000e6e00000|  0%| F|  |TAMS 0x00000000e6d00000| PB 0x00000000e6d00000| Untracked |  0
| 110|0x00000000e6e00000, 0x00000000e6e00000, 0x00000000e6f00000|  0%| F|  |TAMS 0x00000000e6e00000| PB 0x00000000e6e00000| Untracked |  0
| 111|0x00000000e6f00000, 0x00000000e6f00000, 0x00000000e7000000|  0%| F|  |TAMS 0x00000000e6f00000| PB 0x00000000e6f00000| Untracked |  0
| 112|0x00000000e7000000, 0x00000000e7000000, 0x00000000e7100000|  0%| F|  |TAMS 0x00000000e7000000| PB 0x00000000e7000000| Untracked |  0
| 113|0x00000000e7100000, 0x00000000e7100000, 0x00000000e7200000|  0%| F|  |TAMS 0x00000000e7100000| PB 0x00000000e7100000| Untracked |  0
| 114|0x00000000e7200000, 0x00000000e7200000, 0x00000000e7300000|  0%| F|  |TAMS 0x00000000e7200000| PB 0x00000000e7200000| Untracked |  0
| 115|0x00000000e7300000, 0x00000000e7300000, 0x00000000e7400000|  0%| F|  |TAMS 0x00000000e7300000| PB 0x00000000e7300000| Untracked |  0
| 116|0x00000000e7400000, 0x00000000e7400000, 0x00000000e7500000|  0%| F|  |TAMS 0x00000000e7400000| PB 0x00000000e7400000| Untracked |  0
| 117|0x00000000e7500000, 0x00000000e7500000, 0x00000000e7600000|  0%| F|  |TAMS 0x00000000e7500000| PB 0x00000000e7500000| Untracked |  0
| 118|0x00000000e7600000, 0x00000000e7600000, 0x00000000e7700000|  0%| F|  |TAMS 0x00000000e7600000| PB 0x00000000e7600000| Untracked |  0
| 119|0x00000000e7700000, 0x00000000e7700000, 0x00000000e7800000|  0%| F|  |TAMS 0x00000000e7700000| PB 0x00000000e7700000| Untracked |  0
| 120|0x00000000e7800000, 0x00000000e7800000, 0x00000000e7900000|  0%| F|  |TAMS 0x00000000e7800000| PB 0x00000000e7800000| Untracked |  0
| 121|0x00000000e7900000, 0x00000000e7900000, 0x00000000e7a00000|  0%| F|  |TAMS 0x00000000e7900000| PB 0x00000000e7900000| Untracked |  0
| 122|0x00000000e7a00000, 0x00000000e7a00000, 0x00000000e7b00000|  0%| F|  |TAMS 0x00000000e7a00000| PB 0x00000000e7a00000| Untracked |  0
| 123|0x00000000e7b00000, 0x00000000e7b00000, 0x00000000e7c00000|  0%| F|  |TAMS 0x00000000e7b00000| PB 0x00000000e7b00000| Untracked |  0
| 124|0x00000000e7c00000, 0x00000000e7c00000, 0x00000000e7d00000|  0%| F|  |TAMS 0x00000000e7c00000| PB 0x00000000e7c00000| Untracked |  0
| 125|0x00000000e7d00000, 0x00000000e7d00000, 0x00000000e7e00000|  0%| F|  |TAMS 0x00000000e7d00000| PB 0x00000000e7d00000| Untracked |  0
| 126|0x00000000e7e00000, 0x00000000e7e00000, 0x00000000e7f00000|  0%| F|  |TAMS 0x00000000e7e00000| PB 0x00000000e7e00000| Untracked |  0
| 127|0x00000000e7f00000, 0x00000000e7f00000, 0x00000000e8000000|  0%| F|  |TAMS 0x00000000e7f00000| PB 0x00000000e7f00000| Untracked |  0
| 128|0x00000000e8000000, 0x00000000e8000000, 0x00000000e8100000|  0%| F|  |TAMS 0x00000000e8000000| PB 0x00000000e8000000| Untracked |  0
| 129|0x00000000e8100000, 0x00000000e8100000, 0x00000000e8200000|  0%| F|  |TAMS 0x00000000e8100000| PB 0x00000000e8100000| Untracked |  0
| 130|0x00000000e8200000, 0x00000000e8200000, 0x00000000e8300000|  0%| F|  |TAMS 0x00000000e8200000| PB 0x00000000e8200000| Untracked |  0
| 131|0x00000000e8300000, 0x00000000e8300000, 0x00000000e8400000|  0%| F|  |TAMS 0x00000000e8300000| PB 0x00000000e8300000| Untracked |  0
| 132|0x00000000e8400000, 0x00000000e8400000, 0x00000000e8500000|  0%| F|  |TAMS 0x00000000e8400000| PB 0x00000000e8400000| Untracked |  0
| 133|0x00000000e8500000, 0x00000000e8500000, 0x00000000e8600000|  0%| F|  |TAMS 0x00000000e8500000| PB 0x00000000e8500000| Untracked |  0
| 134|0x00000000e8600000, 0x00000000e8600000, 0x00000000e8700000|  0%| F|  |TAMS 0x00000000e8600000| PB 0x00000000e8600000| Untracked |  0
| 135|0x00000000e8700000, 0x00000000e8700000, 0x00000000e8800000|  0%| F|  |TAMS 0x00000000e8700000| PB 0x00000000e8700000| Untracked |  0
| 136|0x00000000e8800000, 0x00000000e8800000, 0x00000000e8900000|  0%| F|  |TAMS 0x00000000e8800000| PB 0x00000000e8800000| Untracked |  0
| 137|0x00000000e8900000, 0x00000000e8900000, 0x00000000e8a00000|  0%| F|  |TAMS 0x00000000e8900000| PB 0x00000000e8900000| Untracked |  0
| 138|0x00000000e8a00000, 0x00000000e8a00000, 0x00000000e8b00000|  0%| F|  |TAMS 0x00000000e8a00000| PB 0x00000000e8a00000| Untracked |  0
| 139|0x00000000e8b00000, 0x00000000e8b00000, 0x00000000e8c00000|  0%| F|  |TAMS 0x00000000e8b00000| PB 0x00000000e8b00000| Untracked |  0
| 140|0x00000000e8c00000, 0x00000000e8c00000, 0x00000000e8d00000|  0%| F|  |TAMS 0x00000000e8c00000| PB 0x00000000e8c00000| Untracked |  0
| 141|0x00000000e8d00000, 0x00000000e8d00000, 0x00000000e8e00000|  0%| F|  |TAMS 0x00000000e8d00000| PB 0x00000000e8d00000| Untracked |  0
| 142|0x00000000e8e00000, 0x00000000e8e00000, 0x00000000e8f00000|  0%| F|  |TAMS 0x00000000e8e00000| PB 0x00000000e8e00000| Untracked |  0
| 143|0x00000000e8f00000, 0x00000000e8f00000, 0x00000000e9000000|  0%| F|  |TAMS 0x00000000e8f00000| PB 0x00000000e8f00000| Untracked |  0
| 144|0x00000000e9000000, 0x00000000e9000000, 0x00000000e9100000|  0%| F|  |TAMS 0x00000000e9000000| PB 0x00000000e9000000| Untracked |  0
| 145|0x00000000e9100000, 0x00000000e9100000, 0x00000000e9200000|  0%| F|  |TAMS 0x00000000e9100000| PB 0x00000000e9100000| Untracked |  0
| 146|0x00000000e9200000, 0x00000000e9200000, 0x00000000e9300000|  0%| F|  |TAMS 0x00000000e9200000| PB 0x00000000e9200000| Untracked |  0
| 147|0x00000000e9300000, 0x00000000e9300000, 0x00000000e9400000|  0%| F|  |TAMS 0x00000000e9300000| PB 0x00000000e9300000| Untracked |  0
| 148|0x00000000e9400000, 0x00000000e9400000, 0x00000000e9500000|  0%| F|  |TAMS 0x00000000e9400000| PB 0x00000000e9400000| Untracked |  0
| 149|0x00000000e9500000, 0x00000000e9500000, 0x00000000e9600000|  0%| F|  |TAMS 0x00000000e9500000| PB 0x00000000e9500000| Untracked |  0
| 150|0x00000000e9600000, 0x00000000e9600000, 0x00000000e9700000|  0%| F|  |TAMS 0x00000000e9600000| PB 0x00000000e9600000| Untracked |  0
| 151|0x00000000e9700000, 0x00000000e9700000, 0x00000000e9800000|  0%| F|  |TAMS 0x00000000e9700000| PB 0x00000000e9700000| Untracked |  0
| 152|0x00000000e9800000, 0x00000000e9800000, 0x00000000e9900000|  0%| F|  |TAMS 0x00000000e9800000| PB 0x00000000e9800000| Untracked |  0
| 153|0x00000000e9900000, 0x00000000e9900000, 0x00000000e9a00000|  0%| F|  |TAMS 0x00000000e9900000| PB 0x00000000e9900000| Untracked |  0
| 154|0x00000000e9a00000, 0x00000000e9a00000, 0x00000000e9b00000|  0%| F|  |TAMS 0x00000000e9a00000| PB 0x00000000e9a00000| Untracked |  0
| 155|0x00000000e9b00000, 0x00000000e9b00000, 0x00000000e9c00000|  0%| F|  |TAMS 0x00000000e9b00000| PB 0x00000000e9b00000| Untracked |  0
| 156|0x00000000e9c00000, 0x00000000e9c00000, 0x00000000e9d00000|  0%| F|  |TAMS 0x00000000e9c00000| PB 0x00000000e9c00000| Untracked |  0
| 157|0x00000000e9d00000, 0x00000000e9d00000, 0x00000000e9e00000|  0%| F|  |TAMS 0x00000000e9d00000| PB 0x00000000e9d00000| Untracked |  0
| 158|0x00000000e9e00000, 0x00000000e9e00000, 0x00000000e9f00000|  0%| F|  |TAMS 0x00000000e9e00000| PB 0x00000000e9e00000| Untracked |  0
| 159|0x00000000e9f00000, 0x00000000e9f00000, 0x00000000ea000000|  0%| F|  |TAMS 0x00000000e9f00000| PB 0x00000000e9f00000| Untracked |  0
| 160|0x00000000ea000000, 0x00000000ea000000, 0x00000000ea100000|  0%| F|  |TAMS 0x00000000ea000000| PB 0x00000000ea000000| Untracked |  0
| 161|0x00000000ea100000, 0x00000000ea100000, 0x00000000ea200000|  0%| F|  |TAMS 0x00000000ea100000| PB 0x00000000ea100000| Untracked |  0
| 162|0x00000000ea200000, 0x00000000ea200000, 0x00000000ea300000|  0%| F|  |TAMS 0x00000000ea200000| PB 0x00000000ea200000| Untracked |  0
| 163|0x00000000ea300000, 0x00000000ea300000, 0x00000000ea400000|  0%| F|  |TAMS 0x00000000ea300000| PB 0x00000000ea300000| Untracked |  0
| 164|0x00000000ea400000, 0x00000000ea400000, 0x00000000ea500000|  0%| F|  |TAMS 0x00000000ea400000| PB 0x00000000ea400000| Untracked |  0
| 165|0x00000000ea500000, 0x00000000ea500000, 0x00000000ea600000|  0%| F|  |TAMS 0x00000000ea500000| PB 0x00000000ea500000| Untracked |  0
| 166|0x00000000ea600000, 0x00000000ea600000, 0x00000000ea700000|  0%| F|  |TAMS 0x00000000ea600000| PB 0x00000000ea600000| Untracked |  0
| 167|0x00000000ea700000, 0x00000000ea700000, 0x00000000ea800000|  0%| F|  |TAMS 0x00000000ea700000| PB 0x00000000ea700000| Untracked |  0
| 168|0x00000000ea800000, 0x00000000ea800000, 0x00000000ea900000|  0%| F|  |TAMS 0x00000000ea800000| PB 0x00000000ea800000| Untracked |  0
| 169|0x00000000ea900000, 0x00000000ea900000, 0x00000000eaa00000|  0%| F|  |TAMS 0x00000000ea900000| PB 0x00000000ea900000| Untracked |  0
| 170|0x00000000eaa00000, 0x00000000eaa00000, 0x00000000eab00000|  0%| F|  |TAMS 0x00000000eaa00000| PB 0x00000000eaa00000| Untracked |  0
| 171|0x00000000eab00000, 0x00000000eab00000, 0x00000000eac00000|  0%| F|  |TAMS 0x00000000eab00000| PB 0x00000000eab00000| Untracked |  0
| 172|0x00000000eac00000, 0x00000000eac00000, 0x00000000ead00000|  0%| F|  |TAMS 0x00000000eac00000| PB 0x00000000eac00000| Untracked |  0
| 173|0x00000000ead00000, 0x00000000ead00000, 0x00000000eae00000|  0%| F|  |TAMS 0x00000000ead00000| PB 0x00000000ead00000| Untracked |  0
| 174|0x00000000eae00000, 0x00000000eae00000, 0x00000000eaf00000|  0%| F|  |TAMS 0x00000000eae00000| PB 0x00000000eae00000| Untracked |  0
| 175|0x00000000eaf00000, 0x00000000eaf00000, 0x00000000eb000000|  0%| F|  |TAMS 0x00000000eaf00000| PB 0x00000000eaf00000| Untracked |  0
| 176|0x00000000eb000000, 0x00000000eb000000, 0x00000000eb100000|  0%| F|  |TAMS 0x00000000eb000000| PB 0x00000000eb000000| Untracked |  0
| 177|0x00000000eb100000, 0x00000000eb100000, 0x00000000eb200000|  0%| F|  |TAMS 0x00000000eb100000| PB 0x00000000eb100000| Untracked |  0
| 178|0x00000000eb200000, 0x00000000eb200000, 0x00000000eb300000|  0%| F|  |TAMS 0x00000000eb200000| PB 0x00000000eb200000| Untracked |  0
| 179|0x00000000eb300000, 0x00000000eb300000, 0x00000000eb400000|  0%| F|  |TAMS 0x00000000eb300000| PB 0x00000000eb300000| Untracked |  0
| 180|0x00000000eb400000, 0x00000000eb400000, 0x00000000eb500000|  0%| F|  |TAMS 0x00000000eb400000| PB 0x00000000eb400000| Untracked |  0
| 181|0x00000000eb500000, 0x00000000eb500000, 0x00000000eb600000|  0%| F|  |TAMS 0x00000000eb500000| PB 0x00000000eb500000| Untracked |  0
| 182|0x00000000eb600000, 0x00000000eb600000, 0x00000000eb700000|  0%| F|  |TAMS 0x00000000eb600000| PB 0x00000000eb600000| Untracked |  0
| 183|0x00000000eb700000, 0x00000000eb700000, 0x00000000eb800000|  0%| F|  |TAMS 0x00000000eb700000| PB 0x00000000eb700000| Untracked |  0
| 184|0x00000000eb800000, 0x00000000eb800000, 0x00000000eb900000|  0%| F|  |TAMS 0x00000000eb800000| PB 0x00000000eb800000| Untracked |  0
| 185|0x00000000eb900000, 0x00000000eb900000, 0x00000000eba00000|  0%| F|  |TAMS 0x00000000eb900000| PB 0x00000000eb900000| Untracked |  0
| 186|0x00000000eba00000, 0x00000000eba00000, 0x00000000ebb00000|  0%| F|  |TAMS 0x00000000eba00000| PB 0x00000000eba00000| Untracked |  0
| 187|0x00000000ebb00000, 0x00000000ebb00000, 0x00000000ebc00000|  0%| F|  |TAMS 0x00000000ebb00000| PB 0x00000000ebb00000| Untracked |  0
| 188|0x00000000ebc00000, 0x00000000ebc00000, 0x00000000ebd00000|  0%| F|  |TAMS 0x00000000ebc00000| PB 0x00000000ebc00000| Untracked |  0
| 189|0x00000000ebd00000, 0x00000000ebd00000, 0x00000000ebe00000|  0%| F|  |TAMS 0x00000000ebd00000| PB 0x00000000ebd00000| Untracked |  0
| 190|0x00000000ebe00000, 0x00000000ebe00000, 0x00000000ebf00000|  0%| F|  |TAMS 0x00000000ebe00000| PB 0x00000000ebe00000| Untracked |  0
| 191|0x00000000ebf00000, 0x00000000ebf00000, 0x00000000ec000000|  0%| F|  |TAMS 0x00000000ebf00000| PB 0x00000000ebf00000| Untracked |  0
| 192|0x00000000ec000000, 0x00000000ec000000, 0x00000000ec100000|  0%| F|  |TAMS 0x00000000ec000000| PB 0x00000000ec000000| Untracked |  0
| 193|0x00000000ec100000, 0x00000000ec100000, 0x00000000ec200000|  0%| F|  |TAMS 0x00000000ec100000| PB 0x00000000ec100000| Untracked |  0
| 194|0x00000000ec200000, 0x00000000ec200000, 0x00000000ec300000|  0%| F|  |TAMS 0x00000000ec200000| PB 0x00000000ec200000| Untracked |  0
| 195|0x00000000ec300000, 0x00000000ec300000, 0x00000000ec400000|  0%| F|  |TAMS 0x00000000ec300000| PB 0x00000000ec300000| Untracked |  0
| 196|0x00000000ec400000, 0x00000000ec400000, 0x00000000ec500000|  0%| F|  |TAMS 0x00000000ec400000| PB 0x00000000ec400000| Untracked |  0
| 197|0x00000000ec500000, 0x00000000ec500000, 0x00000000ec600000|  0%| F|  |TAMS 0x00000000ec500000| PB 0x00000000ec500000| Untracked |  0
| 198|0x00000000ec600000, 0x00000000ec600000, 0x00000000ec700000|  0%| F|  |TAMS 0x00000000ec600000| PB 0x00000000ec600000| Untracked |  0
| 199|0x00000000ec700000, 0x00000000ec700000, 0x00000000ec800000|  0%| F|  |TAMS 0x00000000ec700000| PB 0x00000000ec700000| Untracked |  0
| 200|0x00000000ec800000, 0x00000000ec800000, 0x00000000ec900000|  0%| F|  |TAMS 0x00000000ec800000| PB 0x00000000ec800000| Untracked |  0
| 201|0x00000000ec900000, 0x00000000ec900000, 0x00000000eca00000|  0%| F|  |TAMS 0x00000000ec900000| PB 0x00000000ec900000| Untracked |  0
| 202|0x00000000eca00000, 0x00000000eca00000, 0x00000000ecb00000|  0%| F|  |TAMS 0x00000000eca00000| PB 0x00000000eca00000| Untracked |  0
| 203|0x00000000ecb00000, 0x00000000ecb00000, 0x00000000ecc00000|  0%| F|  |TAMS 0x00000000ecb00000| PB 0x00000000ecb00000| Untracked |  0
| 204|0x00000000ecc00000, 0x00000000ecc00000, 0x00000000ecd00000|  0%| F|  |TAMS 0x00000000ecc00000| PB 0x00000000ecc00000| Untracked |  0
| 205|0x00000000ecd00000, 0x00000000ecd00000, 0x00000000ece00000|  0%| F|  |TAMS 0x00000000ecd00000| PB 0x00000000ecd00000| Untracked |  0
| 206|0x00000000ece00000, 0x00000000ece00000, 0x00000000ecf00000|  0%| F|  |TAMS 0x00000000ece00000| PB 0x00000000ece00000| Untracked |  0
| 207|0x00000000ecf00000, 0x00000000ecf00000, 0x00000000ed000000|  0%| F|  |TAMS 0x00000000ecf00000| PB 0x00000000ecf00000| Untracked |  0
| 208|0x00000000ed000000, 0x00000000ed000000, 0x00000000ed100000|  0%| F|  |TAMS 0x00000000ed000000| PB 0x00000000ed000000| Untracked |  0
| 209|0x00000000ed100000, 0x00000000ed100000, 0x00000000ed200000|  0%| F|  |TAMS 0x00000000ed100000| PB 0x00000000ed100000| Untracked |  0
| 210|0x00000000ed200000, 0x00000000ed200000, 0x00000000ed300000|  0%| F|  |TAMS 0x00000000ed200000| PB 0x00000000ed200000| Untracked |  0
| 211|0x00000000ed300000, 0x00000000ed300000, 0x00000000ed400000|  0%| F|  |TAMS 0x00000000ed300000| PB 0x00000000ed300000| Untracked |  0
| 212|0x00000000ed400000, 0x00000000ed400000, 0x00000000ed500000|  0%| F|  |TAMS 0x00000000ed400000| PB 0x00000000ed400000| Untracked |  0
| 213|0x00000000ed500000, 0x00000000ed500000, 0x00000000ed600000|  0%| F|  |TAMS 0x00000000ed500000| PB 0x00000000ed500000| Untracked |  0
| 214|0x00000000ed600000, 0x00000000ed600000, 0x00000000ed700000|  0%| F|  |TAMS 0x00000000ed600000| PB 0x00000000ed600000| Untracked |  0
| 215|0x00000000ed700000, 0x00000000ed700000, 0x00000000ed800000|  0%| F|  |TAMS 0x00000000ed700000| PB 0x00000000ed700000| Untracked |  0
| 216|0x00000000ed800000, 0x00000000ed800000, 0x00000000ed900000|  0%| F|  |TAMS 0x00000000ed800000| PB 0x00000000ed800000| Untracked |  0
| 217|0x00000000ed900000, 0x00000000ed900000, 0x00000000eda00000|  0%| F|  |TAMS 0x00000000ed900000| PB 0x00000000ed900000| Untracked |  0
| 218|0x00000000eda00000, 0x00000000eda00000, 0x00000000edb00000|  0%| F|  |TAMS 0x00000000eda00000| PB 0x00000000eda00000| Untracked |  0
| 219|0x00000000edb00000, 0x00000000edb00000, 0x00000000edc00000|  0%| F|  |TAMS 0x00000000edb00000| PB 0x00000000edb00000| Untracked |  0
| 220|0x00000000edc00000, 0x00000000edc00000, 0x00000000edd00000|  0%| F|  |TAMS 0x00000000edc00000| PB 0x00000000edc00000| Untracked |  0
| 221|0x00000000edd00000, 0x00000000edd00000, 0x00000000ede00000|  0%| F|  |TAMS 0x00000000edd00000| PB 0x00000000edd00000| Untracked |  0
| 222|0x00000000ede00000, 0x00000000ede00000, 0x00000000edf00000|  0%| F|  |TAMS 0x00000000ede00000| PB 0x00000000ede00000| Untracked |  0
| 223|0x00000000edf00000, 0x00000000edf00000, 0x00000000ee000000|  0%| F|  |TAMS 0x00000000edf00000| PB 0x00000000edf00000| Untracked |  0
| 224|0x00000000ee000000, 0x00000000ee000000, 0x00000000ee100000|  0%| F|  |TAMS 0x00000000ee000000| PB 0x00000000ee000000| Untracked |  0
| 225|0x00000000ee100000, 0x00000000ee100000, 0x00000000ee200000|  0%| F|  |TAMS 0x00000000ee100000| PB 0x00000000ee100000| Untracked |  0
| 226|0x00000000ee200000, 0x00000000ee200000, 0x00000000ee300000|  0%| F|  |TAMS 0x00000000ee200000| PB 0x00000000ee200000| Untracked |  0
| 227|0x00000000ee300000, 0x00000000ee300000, 0x00000000ee400000|  0%| F|  |TAMS 0x00000000ee300000| PB 0x00000000ee300000| Untracked |  0
| 228|0x00000000ee400000, 0x00000000ee400000, 0x00000000ee500000|  0%| F|  |TAMS 0x00000000ee400000| PB 0x00000000ee400000| Untracked |  0
| 229|0x00000000ee500000, 0x00000000ee500000, 0x00000000ee600000|  0%| F|  |TAMS 0x00000000ee500000| PB 0x00000000ee500000| Untracked |  0
| 230|0x00000000ee600000, 0x00000000ee600000, 0x00000000ee700000|  0%| F|  |TAMS 0x00000000ee600000| PB 0x00000000ee600000| Untracked |  0
| 231|0x00000000ee700000, 0x00000000ee700000, 0x00000000ee800000|  0%| F|  |TAMS 0x00000000ee700000| PB 0x00000000ee700000| Untracked |  0
| 232|0x00000000ee800000, 0x00000000ee800000, 0x00000000ee900000|  0%| F|  |TAMS 0x00000000ee800000| PB 0x00000000ee800000| Untracked |  0
| 233|0x00000000ee900000, 0x00000000ee900000, 0x00000000eea00000|  0%| F|  |TAMS 0x00000000ee900000| PB 0x00000000ee900000| Untracked |  0
| 234|0x00000000eea00000, 0x00000000eea00000, 0x00000000eeb00000|  0%| F|  |TAMS 0x00000000eea00000| PB 0x00000000eea00000| Untracked |  0
| 235|0x00000000eeb00000, 0x00000000eeb00000, 0x00000000eec00000|  0%| F|  |TAMS 0x00000000eeb00000| PB 0x00000000eeb00000| Untracked |  0
| 236|0x00000000eec00000, 0x00000000eeceb798, 0x00000000eed00000| 91%| E|  |TAMS 0x00000000eec00000| PB 0x00000000eec00000| Complete |  0
| 237|0x00000000eed00000, 0x00000000eee00000, 0x00000000eee00000|100%| E|CS|TAMS 0x00000000eed00000| PB 0x00000000eed00000| Complete |  0
| 238|0x00000000eee00000, 0x00000000eef00000, 0x00000000eef00000|100%| E|CS|TAMS 0x00000000eee00000| PB 0x00000000eee00000| Complete |  0
| 239|0x00000000eef00000, 0x00000000ef000000, 0x00000000ef000000|100%| E|CS|TAMS 0x00000000eef00000| PB 0x00000000eef00000| Complete |  0
| 240|0x00000000ef000000, 0x00000000ef100000, 0x00000000ef100000|100%| E|CS|TAMS 0x00000000ef000000| PB 0x00000000ef000000| Complete |  0
| 241|0x00000000ef100000, 0x00000000ef1c19d0, 0x00000000ef200000| 75%| S|CS|TAMS 0x00000000ef100000| PB 0x00000000ef100000| Complete |  0
| 242|0x00000000ef200000, 0x00000000ef300000, 0x00000000ef300000|100%| S|CS|TAMS 0x00000000ef200000| PB 0x00000000ef200000| Complete |  0
| 243|0x00000000ef300000, 0x00000000ef400000, 0x00000000ef400000|100%| S|CS|TAMS 0x00000000ef300000| PB 0x00000000ef300000| Complete |  0
| 244|0x00000000ef400000, 0x00000000ef500000, 0x00000000ef500000|100%| S|CS|TAMS 0x00000000ef400000| PB 0x00000000ef400000| Complete |  0
| 245|0x00000000ef500000, 0x00000000ef600000, 0x00000000ef600000|100%| S|CS|TAMS 0x00000000ef500000| PB 0x00000000ef500000| Complete |  0
| 246|0x00000000ef600000, 0x00000000ef700000, 0x00000000ef700000|100%| S|CS|TAMS 0x00000000ef600000| PB 0x00000000ef600000| Complete |  0
| 247|0x00000000ef700000, 0x00000000ef800000, 0x00000000ef800000|100%| S|CS|TAMS 0x00000000ef700000| PB 0x00000000ef700000| Complete |  0
| 248|0x00000000ef800000, 0x00000000ef900000, 0x00000000ef900000|100%| S|CS|TAMS 0x00000000ef800000| PB 0x00000000ef800000| Complete |  0
| 249|0x00000000ef900000, 0x00000000efa00000, 0x00000000efa00000|100%| S|CS|TAMS 0x00000000ef900000| PB 0x00000000ef900000| Complete |  0
| 250|0x00000000efa00000, 0x00000000efb00000, 0x00000000efb00000|100%| S|CS|TAMS 0x00000000efa00000| PB 0x00000000efa00000| Complete |  0
| 251|0x00000000efb00000, 0x00000000efc00000, 0x00000000efc00000|100%| S|CS|TAMS 0x00000000efb00000| PB 0x00000000efb00000| Complete |  0
| 252|0x00000000efc00000, 0x00000000efd00000, 0x00000000efd00000|100%| E|CS|TAMS 0x00000000efc00000| PB 0x00000000efc00000| Complete |  0
| 255|0x00000000eff00000, 0x00000000f0000000, 0x00000000f0000000|100%| E|CS|TAMS 0x00000000eff00000| PB 0x00000000eff00000| Complete |  0
| 510|0x00000000ffe00000, 0x00000000fff00000, 0x00000000fff00000|100%| O|  |TAMS 0x00000000ffe00000| PB 0x00000000ffe00000| Untracked |  0
| 511|0x00000000fff00000, 0x0000000100000000, 0x0000000100000000|100%| E|CS|TAMS 0x00000000fff00000| PB 0x00000000fff00000| Complete |  0

Card table byte_map: [0x000001f6e24f0000,0x000001f6e25f0000] _byte_map_base: 0x000001f6e1df0000

Marking Bits: (CMBitMap*) 0x000001f6ca1eea30
 Bits: [0x000001f6e25f0000, 0x000001f6e2df0000)

Polling page: 0x000001f6c9980000

Metaspace:

Usage:
  Non-class:     51.58 MB used.
      Class:      6.98 MB used.
       Both:     58.56 MB used.

Virtual space:
  Non-class space:       64.00 MB reserved,      52.62 MB ( 82%) committed,  1 nodes.
      Class space:      320.00 MB reserved,       7.94 MB (  2%) committed,  1 nodes.
             Both:      384.00 MB reserved,      60.56 MB ( 16%) committed. 

Chunk freelists:
   Non-Class:  10.92 MB
       Class:  8.00 MB
        Both:  18.92 MB

MaxMetaspaceSize: 384.00 MB
CompressedClassSpaceSize: 320.00 MB
Initial GC threshold: 21.00 MB
Current GC threshold: 100.31 MB
CDS: on
 - commit_granule_bytes: 65536.
 - commit_granule_words: 8192.
 - virtual_space_node_default_size: 8388608.
 - enlarge_chunks_in_place: 1.
UseCompressedClassPointers 1, UseCompactObjectHeaders 0
Narrow klass pointer bits 32, Max shift 3
Narrow klass base: 0x000001f6e6000000, Narrow klass shift: 0
Encoding Range: [0x000001f6e6000000 - 0x000001f7e6000000), (4294967296 bytes)
Klass Range:    [0x000001f6e6000000 - 0x000001f6fb000000), (352321536 bytes)
Klass ID Range:  [8 - 352321529) (352321521)


Internal statistics:

num_allocs_failed_limit: 18.
num_arena_births: 3598.
num_arena_deaths: 0.
num_vsnodes_births: 2.
num_vsnodes_deaths: 0.
num_space_committed: 969.
num_space_uncommitted: 0.
num_chunks_returned_to_freelist: 18.
num_chunks_taken_from_freelist: 6334.
num_chunk_merges: 18.
num_chunk_splits: 4178.
num_chunks_enlarged: 2675.
num_inconsistent_stats: 0.

CodeHeap 'non-profiled nmethods': size=119232Kb used=2888Kb max_used=2944Kb free=116343Kb
 bounds [0x000001f6da5f0000, 0x000001f6da8e0000, 0x000001f6e1a60000]
CodeHeap 'profiled nmethods': size=119104Kb used=10151Kb max_used=10536Kb free=108952Kb
 bounds [0x000001f6d2a60000, 0x000001f6d34b0000, 0x000001f6d9eb0000]
CodeHeap 'non-nmethods': size=7424Kb used=3601Kb max_used=3795Kb free=3822Kb
 bounds [0x000001f6d9eb0000, 0x000001f6da270000, 0x000001f6da5f0000]
CodeCache: size=245760Kb, used=16640Kb, max_used=17275Kb, free=229117Kb
 total_blobs=7051, nmethods=6249, adapters=703, full_count=0
Compilation: enabled, stopped_count=0, restarted_count=0

Compilation events (20 events):
Event: 7.084 Thread 0x000001f6ff021020 6897       3       java.lang.ProcessEnvironment$EntryComparator::compare (13 bytes)
Event: 7.084 Thread 0x000001f6805f42e0 6898       3       java.lang.ProcessEnvironment$EntryComparator::compare (25 bytes)
Event: 7.084 Thread 0x000001f6826a7780 6896       4       java.lang.CharacterDataLatin1::toUpperCase (67 bytes)
Event: 7.084 Thread 0x000001f6805f42e0 nmethod 6898 0x000001f6d2f33988 code [0x000001f6d2f33ae0, 0x000001f6d2f33ff8]
Event: 7.084 Thread 0x000001f6ff021020 nmethod 6897 0x000001f6d319a108 code [0x000001f6d319a280, 0x000001f6d319aa58]
Event: 7.084 Thread 0x000001f6826a7780 nmethod 6896 0x000001f6da6cc708 code [0x000001f6da6cc800, 0x000001f6da6cc8a8]
Event: 7.092 Thread 0x000001f6ff021020 6900       3       java.util.concurrent.ConcurrentHashMap::values (25 bytes)
Event: 7.092 Thread 0x000001f6ff021020 nmethod 6900 0x000001f6d2bd7f08 code [0x000001f6d2bd8040, 0x000001f6d2bd83c8]
Event: 7.188 Thread 0x000001f6826a7780 6901       4       org.gradle.internal.logging.text.AbstractLineChoppingStyledTextOutput$1::execute (9 bytes)
Event: 7.188 Thread 0x000001f6ff168300 6902       4       org.gradle.internal.logging.text.AbstractLineChoppingStyledTextOutput$1::execute (140 bytes)
Event: 7.193 Thread 0x000001f6ff168300 nmethod 6902 0x000001f6da759b88 code [0x000001f6da759d20, 0x000001f6da75a3f0]
Event: 7.193 Thread 0x000001f6ff168300 6903       4       org.gradle.internal.logging.text.AbstractLineChoppingStyledTextOutput$2::execute (77 bytes)
Event: 7.194 Thread 0x000001f6826a7780 nmethod 6901 0x000001f6da792b88 code [0x000001f6da792d20, 0x000001f6da793420]
Event: 7.194 Thread 0x000001f6826a7780 6904       4       org.gradle.internal.logging.text.AbstractLineChoppingStyledTextOutput$StateContext::next (11 bytes)
Event: 7.195 Thread 0x000001f6826a7780 nmethod 6904 0x000001f6da6cbe88 code [0x000001f6da6cbf80, 0x000001f6da6cbff8]
Event: 7.197 Thread 0x000001f6ff168300 nmethod 6903 0x000001f6da77ba88 code [0x000001f6da77bc00, 0x000001f6da77c090]
Event: 7.200 Thread 0x000001f6ff12ab40 6905       1       org.gradle.internal.io.StreamByteBuffer::access$000 (5 bytes)
Event: 7.200 Thread 0x000001f6826a7780 6906       4       org.gradle.internal.logging.text.AbstractLineChoppingStyledTextOutput::doAppend (43 bytes)
Event: 7.200 Thread 0x000001f6ff12ab40 nmethod 6905 0x000001f6da77b788 code [0x000001f6da77b880, 0x000001f6da77b928]
Event: 7.217 Thread 0x000001f6826a7780 nmethod 6906 0x000001f6da74df88 code [0x000001f6da74e200, 0x000001f6da74f9b8]

GC Heap History (18 events):
Event: 0.702 GC heap before
{Heap before GC invocations=0 (full 0):
 garbage-first heap   total reserved 524288K, committed 264192K, used 52340K [0x00000000e0000000, 0x0000000100000000)
  region size 1024K, 47 young (48128K), 0 survivors (0K)
 Metaspace       used 4702K, committed 4928K, reserved 393216K
  class space    used 418K, committed 512K, reserved 327680K
}
Event: 0.707 GC heap after
{Heap after GC invocations=1 (full 0):
 garbage-first heap   total reserved 524288K, committed 264192K, used 13082K [0x00000000e0000000, 0x0000000100000000)
  region size 1024K, 6 young (6144K), 6 survivors (6144K)
 Metaspace       used 4702K, committed 4928K, reserved 393216K
  class space    used 418K, committed 512K, reserved 327680K
}
Event: 2.414 GC heap before
{Heap before GC invocations=1 (full 0):
 garbage-first heap   total reserved 524288K, committed 264192K, used 122650K [0x00000000e0000000, 0x0000000100000000)
  region size 1024K, 111 young (113664K), 6 survivors (6144K)
 Metaspace       used 19201K, committed 19840K, reserved 393216K
  class space    used 2026K, committed 2304K, reserved 327680K
}
Event: 2.425 GC heap after
{Heap after GC invocations=2 (full 0):
 garbage-first heap   total reserved 524288K, committed 264192K, used 23459K [0x00000000e0000000, 0x0000000100000000)
  region size 1024K, 14 young (14336K), 14 survivors (14336K)
 Metaspace       used 19201K, committed 19840K, reserved 393216K
  class space    used 2026K, committed 2304K, reserved 327680K
}
Event: 2.616 GC heap before
{Heap before GC invocations=2 (full 0):
 garbage-first heap   total reserved 524288K, committed 264192K, used 36771K [0x00000000e0000000, 0x0000000100000000)
  region size 1024K, 28 young (28672K), 14 survivors (14336K)
 Metaspace       used 20819K, committed 21504K, reserved 393216K
  class space    used 2186K, committed 2496K, reserved 327680K
}
Event: 2.622 GC heap after
{Heap after GC invocations=3 (full 0):
 garbage-first heap   total reserved 524288K, committed 264192K, used 25395K [0x00000000e0000000, 0x0000000100000000)
  region size 1024K, 2 young (2048K), 2 survivors (2048K)
 Metaspace       used 20819K, committed 21504K, reserved 393216K
  class space    used 2186K, committed 2496K, reserved 327680K
}
Event: 3.847 GC heap before
{Heap before GC invocations=4 (full 0):
 garbage-first heap   total reserved 524288K, committed 262144K, used 139059K [0x00000000e0000000, 0x0000000100000000)
  region size 1024K, 113 young (115712K), 2 survivors (2048K)
 Metaspace       used 34591K, committed 35968K, reserved 393216K
  class space    used 3819K, committed 4480K, reserved 327680K
}
Event: 3.853 GC heap after
{Heap after GC invocations=5 (full 0):
 garbage-first heap   total reserved 524288K, committed 262144K, used 31898K [0x00000000e0000000, 0x0000000100000000)
  region size 1024K, 8 young (8192K), 8 survivors (8192K)
 Metaspace       used 34591K, committed 35968K, reserved 393216K
  class space    used 3819K, committed 4480K, reserved 327680K
}
Event: 3.866 GC heap before
{Heap before GC invocations=5 (full 0):
 garbage-first heap   total reserved 524288K, committed 262144K, used 33946K [0x00000000e0000000, 0x0000000100000000)
  region size 1024K, 11 young (11264K), 8 survivors (8192K)
 Metaspace       used 34853K, committed 36288K, reserved 393216K
  class space    used 3844K, committed 4544K, reserved 327680K
}
Event: 3.871 GC heap after
{Heap after GC invocations=6 (full 0):
 garbage-first heap   total reserved 524288K, committed 262144K, used 31442K [0x00000000e0000000, 0x0000000100000000)
  region size 1024K, 8 young (8192K), 8 survivors (8192K)
 Metaspace       used 34853K, committed 36288K, reserved 393216K
  class space    used 3844K, committed 4544K, reserved 327680K
}
Event: 3.901 GC heap before
{Heap before GC invocations=6 (full 0):
 garbage-first heap   total reserved 524288K, committed 262144K, used 33490K [0x00000000e0000000, 0x0000000100000000)
  region size 1024K, 11 young (11264K), 8 survivors (8192K)
 Metaspace       used 35169K, committed 36608K, reserved 393216K
  class space    used 3882K, committed 4544K, reserved 327680K
}
Event: 3.907 GC heap after
{Heap after GC invocations=7 (full 0):
 garbage-first heap   total reserved 524288K, committed 262144K, used 31463K [0x00000000e0000000, 0x0000000100000000)
  region size 1024K, 8 young (8192K), 8 survivors (8192K)
 Metaspace       used 35169K, committed 36608K, reserved 393216K
  class space    used 3882K, committed 4544K, reserved 327680K
}
Event: 5.927 GC heap before
{Heap before GC invocations=8 (full 0):
 garbage-first heap   total reserved 524288K, committed 262144K, used 178919K [0x00000000e0000000, 0x0000000100000000)
  region size 1024K, 153 young (156672K), 8 survivors (8192K)
 Metaspace       used 50950K, committed 52864K, reserved 393216K
  class space    used 5979K, committed 6912K, reserved 327680K
}
Event: 5.937 GC heap after
{Heap after GC invocations=9 (full 0):
 garbage-first heap   total reserved 524288K, committed 262144K, used 37826K [0x00000000e0000000, 0x0000000100000000)
  region size 1024K, 14 young (14336K), 14 survivors (14336K)
 Metaspace       used 50950K, committed 52864K, reserved 393216K
  class space    used 5979K, committed 6912K, reserved 327680K
}
Event: 6.956 GC heap before
{Heap before GC invocations=9 (full 0):
 garbage-first heap   total reserved 524288K, committed 262144K, used 114626K [0x00000000e0000000, 0x0000000100000000)
  region size 1024K, 90 young (92160K), 14 survivors (14336K)
 Metaspace       used 59256K, committed 61248K, reserved 393216K
  class space    used 7034K, committed 8000K, reserved 327680K
}
Event: 6.968 GC heap after
{Heap after GC invocations=10 (full 0):
 garbage-first heap   total reserved 524288K, committed 262144K, used 41133K [0x00000000e0000000, 0x0000000100000000)
  region size 1024K, 11 young (11264K), 11 survivors (11264K)
 Metaspace       used 59256K, committed 61248K, reserved 393216K
  class space    used 7034K, committed 8000K, reserved 327680K
}
Event: 6.999 GC heap before
{Heap before GC invocations=10 (full 0):
 garbage-first heap   total reserved 524288K, committed 262144K, used 43181K [0x00000000e0000000, 0x0000000100000000)
  region size 1024K, 14 young (14336K), 11 survivors (11264K)
 Metaspace       used 59570K, committed 61568K, reserved 393216K
  class space    used 7091K, committed 8064K, reserved 327680K
}
Event: 7.007 GC heap after
{Heap after GC invocations=11 (full 0):
 garbage-first heap   total reserved 524288K, committed 262144K, used 41555K [0x00000000e0000000, 0x0000000100000000)
  region size 1024K, 11 young (11264K), 11 survivors (11264K)
 Metaspace       used 59570K, committed 61568K, reserved 393216K
  class space    used 7091K, committed 8064K, reserved 327680K
}

Dll operation events (15 events):
Event: 0.010 Loaded shared library C:\Program Files\Java\jdk-24\bin\java.dll
Event: 0.038 Loaded shared library C:\Program Files\Java\jdk-24\bin\jsvml.dll
Event: 0.077 Loaded shared library C:\Program Files\Java\jdk-24\bin\zip.dll
Event: 0.080 Loaded shared library C:\Program Files\Java\jdk-24\bin\instrument.dll
Event: 0.083 Loaded shared library C:\Program Files\Java\jdk-24\bin\net.dll
Event: 0.086 Loaded shared library C:\Program Files\Java\jdk-24\bin\nio.dll
Event: 0.088 Loaded shared library C:\Program Files\Java\jdk-24\bin\zip.dll
Event: 0.209 Loaded shared library C:\Program Files\Java\jdk-24\bin\jimage.dll
Event: 0.367 Loaded shared library C:\Program Files\Java\jdk-24\bin\verify.dll
Event: 0.397 Loaded shared library C:\Users\UserH\.gradle\native\660c5614fbf4a5f2a75b1949f50a0caf5cd603558e7d8a26e50b933a0cfb79d1\windows-amd64\native-platform.dll
Event: 0.408 Loaded shared library C:\Users\UserH\.gradle\native\0.2.8\x86_64-windows-gnu\gradle-fileevents.dll
Event: 1.079 Loaded shared library C:\Program Files\Java\jdk-24\bin\management.dll
Event: 1.080 Loaded shared library C:\Program Files\Java\jdk-24\bin\management_ext.dll
Event: 1.218 Loaded shared library C:\Program Files\Java\jdk-24\bin\extnet.dll
Event: 1.414 Loaded shared library C:\Program Files\Java\jdk-24\bin\sunmscapi.dll

Deoptimization events (20 events):
Event: 6.933 Thread 0x000001f681cadc50 DEOPT PACKING pc=0x000001f6da6f1774 sp=0x00000018e0af95b0
Event: 6.933 Thread 0x000001f681cadc50 DEOPT UNPACKING pc=0x000001f6d9fc8602 sp=0x00000018e0af9520 mode 2
Event: 7.017 Thread 0x000001f681cadc50 DEOPT PACKING pc=0x000001f6d3208a54 sp=0x00000018e0afe560
Event: 7.017 Thread 0x000001f681cadc50 DEOPT UNPACKING pc=0x000001f6d9f05722 sp=0x00000018e0afd9d8 mode 0
Event: 7.017 Thread 0x000001f681cadc50 Uncommon trap: trap_request=0xffffffc6 fr.pc=0x000001f6da862b90 relative=0x00000000000005f0
Event: 7.017 Thread 0x000001f681cadc50 Uncommon trap: reason=bimorphic_or_optimized_type_check action=maybe_recompile pc=0x000001f6da862b90 method=java.util.Collections$SetFromMap.remove(Ljava/lang/Object;)Z @ 5 c2
Event: 7.017 Thread 0x000001f681cadc50 DEOPT PACKING pc=0x000001f6da862b90 sp=0x00000018e0afeb00
Event: 7.017 Thread 0x000001f681cadc50 DEOPT UNPACKING pc=0x000001f6d9fc8602 sp=0x00000018e0afeaf8 mode 2
Event: 7.019 Thread 0x000001f681cadc50 Uncommon trap: trap_request=0xffffffc6 fr.pc=0x000001f6da862b90 relative=0x00000000000005f0
Event: 7.019 Thread 0x000001f681cadc50 Uncommon trap: reason=bimorphic_or_optimized_type_check action=maybe_recompile pc=0x000001f6da862b90 method=java.util.Collections$SetFromMap.remove(Ljava/lang/Object;)Z @ 5 c2
Event: 7.019 Thread 0x000001f681cadc50 DEOPT PACKING pc=0x000001f6da862b90 sp=0x00000018e0afeb00
Event: 7.019 Thread 0x000001f681cadc50 DEOPT UNPACKING pc=0x000001f6d9fc8602 sp=0x00000018e0afeaf8 mode 2
Event: 7.037 Thread 0x000001f681cadc50 Uncommon trap: trap_request=0xffffffc6 fr.pc=0x000001f6da862b90 relative=0x00000000000005f0
Event: 7.037 Thread 0x000001f681cadc50 Uncommon trap: reason=bimorphic_or_optimized_type_check action=maybe_recompile pc=0x000001f6da862b90 method=java.util.Collections$SetFromMap.remove(Ljava/lang/Object;)Z @ 5 c2
Event: 7.037 Thread 0x000001f681cadc50 DEOPT PACKING pc=0x000001f6da862b90 sp=0x00000018e0afeb00
Event: 7.038 Thread 0x000001f681cadc50 DEOPT UNPACKING pc=0x000001f6d9fc8602 sp=0x00000018e0afeaf8 mode 2
Event: 7.074 Thread 0x000001f681cadc50 Uncommon trap: trap_request=0xffffff4d fr.pc=0x000001f6da70b5f4 relative=0x0000000000000f94
Event: 7.074 Thread 0x000001f681cadc50 Uncommon trap: reason=unstable_if action=reinterpret pc=0x000001f6da70b5f4 method=jdk.internal.classfile.impl.SplitConstantPool.maybeCloneUtf8Entry(Ljava/lang/classfile/constantpool/Utf8Entry;)Ljdk/internal/classfile/impl/AbstractPoolEntry$Utf8EntryImpl; 
Event: 7.074 Thread 0x000001f681cadc50 DEOPT PACKING pc=0x000001f6da70b5f4 sp=0x00000018e0af8ee0
Event: 7.074 Thread 0x000001f681cadc50 DEOPT UNPACKING pc=0x000001f6d9fc8602 sp=0x00000018e0af8dd0 mode 2

Classes loaded (20 events):
Event: 6.859 Loading class java/nio/file/Path$1
Event: 6.859 Loading class java/nio/file/Path$1 done
Event: 7.042 Loading class java/util/ArrayList$SubList$2
Event: 7.042 Loading class java/util/ArrayList$SubList$2 done
Event: 7.074 Loading class java/util/stream/ReduceOps$2
Event: 7.074 Loading class java/util/stream/ReduceOps$2 done
Event: 7.074 Loading class java/util/stream/ReduceOps$2ReducingSink
Event: 7.074 Loading class java/util/stream/ReduceOps$2ReducingSink done
Event: 7.081 Loading class java/lang/ProcessBuilder
Event: 7.082 Loading class java/lang/ProcessBuilder done
Event: 7.083 Loading class java/lang/ProcessImpl
Event: 7.083 Loading class java/lang/ProcessImpl done
Event: 7.090 Loading class java/lang/ProcessHandleImpl
Event: 7.091 Loading class java/lang/ProcessHandleImpl done
Event: 7.092 Loading class java/lang/Process$PipeOutputStream
Event: 7.092 Loading class java/lang/Process$PipeOutputStream done
Event: 7.092 Loading class java/lang/Process$PipeInputStream
Event: 7.092 Loading class java/lang/Process$PipeInputStream done
Event: 7.092 Loading class jdk/internal/event/ProcessStartEvent
Event: 7.092 Loading class jdk/internal/event/ProcessStartEvent done

Classes unloaded (0 events):
No events

Classes redefined (0 events):
No events

Internal exceptions (20 events):
Event: 6.500 Thread 0x000001f6816d1570 Exception <a 'java/lang/NoSuchMethodError'{0x00000000ed5c5e18}: 'long java.lang.invoke.Invokers$Holder.invokeExact_MT(java.lang.Object, java.lang.Object)'> (0x00000000ed5c5e18) 
thrown [s\open\src\hotspot\share\interpreter\linkResolver.cpp, line 805]
Event: 6.502 Thread 0x000001f6816d1570 Exception <a 'java/lang/NoSuchMethodError'{0x00000000ed5fcd48}: static Lorg/gradle/api/internal/artifacts/dependencies/AbstractVersionConstraint;.<clinit>()V> (0x00000000ed5fcd48) 
thrown [s\open\src\hotspot\share\prims\jni.cpp, line 1108]
Event: 6.506 Thread 0x000001f6816d1570 Exception <a 'java/lang/NoSuchMethodError'{0x00000000ed438af0}: static [Ljava/lang/Object;.<clinit>()V> (0x00000000ed438af0) 
thrown [s\open\src\hotspot\share\prims\jni.cpp, line 1108]
Event: 6.507 Thread 0x000001f6816d1570 Exception <a 'java/lang/NoSuchMethodError'{0x00000000ed43fe30}: 'void java.lang.invoke.DirectMethodHandle$Holder.invokeSpecial(java.lang.Object, java.lang.Object, java.lang.Object, int)'> (0x00000000ed43fe30) 
thrown [s\open\src\hotspot\share\interpreter\linkResolver.cpp, line 805]
Event: 6.586 Thread 0x000001f6816d1570 Exception <a 'java/lang/NoSuchMethodError'{0x00000000ece4a6f8}: 'int java.lang.invoke.DirectMethodHandle$Holder.invokeSpecialIFC(java.lang.Object, java.lang.Object, java.lang.Object, java.lang.Object, java.lang.Object)'> (0x00000000ece4a6f8) 
thrown [s\open\src\hotspot\share\interpreter\linkResolver.cpp, line 805]
Event: 6.627 Thread 0x000001f681ca9330 Exception <a 'java/lang/NoSuchMethodError'{0x00000000ecb14740}: 'java.lang.Object java.lang.invoke.DirectMethodHandle$Holder.newInvokeSpecial(java.lang.Object, java.lang.Object, int, java.lang.Object, java.lang.Object)'> (0x00000000ecb14740) 
thrown [s\open\src\hotspot\share\interpreter\linkResolver.cpp, line 805]
Event: 6.627 Thread 0x000001f681ca9330 Exception <a 'java/lang/NoSuchMethodError'{0x00000000ecb1d080}: 'java.lang.Object java.lang.invoke.DirectMethodHandle$Holder.invokeSpecial(java.lang.Object, java.lang.Object, java.lang.Object, int, java.lang.Object, java.lang.Object)'> (0x00000000ecb1d080) 
thrown [s\open\src\hotspot\share\interpreter\linkResolver.cpp, line 805]
Event: 6.648 Thread 0x000001f681cadc50 Exception <a 'java/lang/NoSuchMethodError'{0x00000000ec6f59d8}: 'java.lang.Object java.lang.invoke.DirectMethodHandle$Holder.newInvokeSpecial(java.lang.Object, java.lang.Object, java.lang.Object, java.lang.Object, int, java.lang.Object)'> (0x00000000ec6f59d8) 
thrown [s\open\src\hotspot\share\interpreter\linkResolver.cpp, line 805]
Event: 6.648 Thread 0x000001f681cadc50 Exception <a 'java/lang/NoSuchMethodError'{0x00000000ec6fe410}: 'java.lang.Object java.lang.invoke.DirectMethodHandle$Holder.invokeSpecial(java.lang.Object, java.lang.Object, java.lang.Object, java.lang.Object, java.lang.Object, int, java.lang.Object)'> (0x00000000ec6fe410) 
thrown [s\open\src\hotspot\share\interpreter\linkResolver.cpp, line 805]
Event: 6.648 Thread 0x000001f681cadc50 Exception <a 'java/lang/NoSuchMethodError'{0x00000000ec506a58}: 'java.lang.Object java.lang.invoke.Invokers$Holder.linkToTargetMethod(java.lang.Object, java.lang.Object, java.lang.Object, int, java.lang.Object, java.lang.Object)'> (0x00000000ec506a58) 
thrown [s\open\src\hotspot\share\interpreter\linkResolver.cpp, line 805]
Event: 6.743 Thread 0x000001f681cadc50 Exception <a 'java/lang/NoSuchMethodError'{0x00000000ec0ac808}: 'int java.lang.invoke.DirectMethodHandle$Holder.invokeSpecial(java.lang.Object, java.lang.Object, java.lang.Object, java.lang.Object, java.lang.Object)'> (0x00000000ec0ac808) 
thrown [s\open\src\hotspot\share\interpreter\linkResolver.cpp, line 805]
Event: 6.769 Thread 0x000001f681cadc50 Exception <a 'java/lang/IncompatibleClassChangeError'{0x00000000ebfeac78}: Found class java.lang.Object, but interface was expected> (0x00000000ebfeac78) 
thrown [s\open\src\hotspot\share\interpreter\linkResolver.cpp, line 872]
Event: 6.770 Thread 0x000001f681cadc50 Exception <a 'java/lang/NoSuchMethodError'{0x00000000ebe408e0}: static Ljava/lang/Object;.<clinit>()V> (0x00000000ebe408e0) 
thrown [s\open\src\hotspot\share\prims\jni.cpp, line 1108]
Event: 6.858 Thread 0x000001f681cadc50 Exception <a 'java/lang/NoSuchMethodError'{0x00000000ebaf1b10}: 'int java.lang.invoke.DirectMethodHandle$Holder.invokeSpecialIFC(java.lang.Object, java.lang.Object, java.lang.Object)'> (0x00000000ebaf1b10) 
thrown [s\open\src\hotspot\share\interpreter\linkResolver.cpp, line 805]
Event: 6.922 Thread 0x000001f681cadc50 Exception <a 'java/lang/NoSuchMethodError'{0x00000000eb657798}: 'void java.lang.invoke.DirectMethodHandle$Holder.invokeStatic(java.lang.Object, java.lang.Object, java.lang.Object, int, java.lang.Object)'> (0x00000000eb657798) 
thrown [s\open\src\hotspot\share\interpreter\linkResolver.cpp, line 805]
Event: 6.976 Thread 0x000001f681cadc50 Exception <a 'java/lang/NoSuchMethodError'{0x00000000fffdb888}: 'int java.lang.invoke.DirectMethodHandle$Holder.invokeStaticInit(java.lang.Object, java.lang.Object, java.lang.Object, java.lang.Object, java.lang.Object)'> (0x00000000fffdb888) 
thrown [s\open\src\hotspot\share\interpreter\linkResolver.cpp, line 805]
Event: 7.025 Thread 0x000001f681cadc50 Exception <a 'sun/nio/fs/WindowsException'{0x00000000fff43168}> (0x00000000fff43168) 
thrown [s\open\src\hotspot\share\prims\jni.cpp, line 518]
Event: 7.031 Thread 0x000001f681cadc50 Exception <a 'sun/nio/fs/WindowsException'{0x00000000fff4ae60}> (0x00000000fff4ae60) 
thrown [s\open\src\hotspot\share\prims\jni.cpp, line 518]
Event: 7.090 Thread 0x000001f6815381b0 Exception <a 'java/lang/NoSuchMethodError'{0x00000000eed920c8}: 'void java.lang.invoke.DirectMethodHandle$Holder.invokeStatic(java.lang.Object, long)'> (0x00000000eed920c8) 
thrown [s\open\src\hotspot\share\interpreter\linkResolver.cpp, line 805]
Event: 7.091 Thread 0x000001f6815381b0 Exception <a 'java/lang/NoSuchMethodError'{0x00000000eeda3c58}: 'java.lang.Object java.lang.invoke.DirectMethodHandle$Holder.invokeStaticInit(java.lang.Object, long, java.lang.Object)'> (0x00000000eeda3c58) 
thrown [s\open\src\hotspot\share\interpreter\linkResolver.cpp, line 805]

VM Operations (20 events):
Event: 5.927 Executing VM operation: G1CollectForAllocation (G1 Evacuation Pause)
Event: 5.937 Executing VM operation: G1CollectForAllocation (G1 Evacuation Pause) done
Event: 6.389 Executing VM operation: HandshakeAllThreads (Deoptimize)
Event: 6.389 Executing VM operation: HandshakeAllThreads (Deoptimize) done
Event: 6.422 Executing VM operation: HandshakeAllThreads (Deoptimize)
Event: 6.422 Executing VM operation: HandshakeAllThreads (Deoptimize) done
Event: 6.514 Executing VM operation: HandshakeAllThreads (Deoptimize)
Event: 6.514 Executing VM operation: HandshakeAllThreads (Deoptimize) done
Event: 6.864 Executing VM operation: HandshakeAllThreads (Deoptimize)
Event: 6.864 Executing VM operation: HandshakeAllThreads (Deoptimize) done
Event: 6.956 Executing VM operation: CollectForMetadataAllocation (Metadata GC Threshold)
Event: 6.968 Executing VM operation: CollectForMetadataAllocation (Metadata GC Threshold) done
Event: 6.999 Executing VM operation: CollectForMetadataAllocation (Metadata GC Threshold)
Event: 7.007 Executing VM operation: CollectForMetadataAllocation (Metadata GC Threshold) done
Event: 7.016 Executing VM operation: HandshakeAllThreads (Deoptimize)
Event: 7.016 Executing VM operation: HandshakeAllThreads (Deoptimize) done
Event: 7.026 Executing VM operation: G1PauseRemark
Event: 7.029 Executing VM operation: G1PauseRemark done
Event: 7.035 Executing VM operation: G1PauseCleanup
Event: 7.035 Executing VM operation: G1PauseCleanup done

Memory protections (0 events):
No events

Nmethod flushes (20 events):
Event: 7.028 Thread 0x000001f6e5e174a0 flushing  nmethod 0x000001f6d2af1b08
Event: 7.028 Thread 0x000001f6e5e174a0 flushing  nmethod 0x000001f6d2af2608
Event: 7.028 Thread 0x000001f6e5e174a0 flushing  nmethod 0x000001f6d2b98888
Event: 7.028 Thread 0x000001f6e5e174a0 flushing  nmethod 0x000001f6d2b9a188
Event: 7.028 Thread 0x000001f6e5e174a0 flushing  nmethod 0x000001f6d2bdd788
Event: 7.028 Thread 0x000001f6e5e174a0 flushing  nmethod 0x000001f6d2bddf88
Event: 7.028 Thread 0x000001f6e5e174a0 flushing  nmethod 0x000001f6d2bde708
Event: 7.028 Thread 0x000001f6e5e174a0 flushing  nmethod 0x000001f6d2be2188
Event: 7.028 Thread 0x000001f6e5e174a0 flushing  nmethod 0x000001f6d2d39a08
Event: 7.028 Thread 0x000001f6e5e174a0 flushing  nmethod 0x000001f6d2d3a008
Event: 7.028 Thread 0x000001f6e5e174a0 flushing  nmethod 0x000001f6d2da2188
Event: 7.028 Thread 0x000001f6e5e174a0 flushing  nmethod 0x000001f6d2da2808
Event: 7.028 Thread 0x000001f6e5e174a0 flushing  nmethod 0x000001f6d2dede08
Event: 7.028 Thread 0x000001f6e5e174a0 flushing  nmethod 0x000001f6d2f26288
Event: 7.028 Thread 0x000001f6e5e174a0 flushing  nmethod 0x000001f6d2f26c08
Event: 7.028 Thread 0x000001f6e5e174a0 flushing  nmethod 0x000001f6d2f27b88
Event: 7.028 Thread 0x000001f6e5e174a0 flushing  nmethod 0x000001f6d2f32708
Event: 7.028 Thread 0x000001f6e5e174a0 flushing  nmethod 0x000001f6d2f33988
Event: 7.028 Thread 0x000001f6e5e174a0 flushing  nmethod 0x000001f6d2f33d08
Event: 7.028 Thread 0x000001f6e5e174a0 flushing  nmethod 0x000001f6d3022208

Events (20 events):
Event: 6.628 Thread 0x000001f681ca9330 Thread added: 0x000001f681ca9a80
Event: 6.628 Thread 0x000001f681ca9330 Thread added: 0x000001f681cadc50
Event: 6.628 Thread 0x000001f681ca9330 Thread added: 0x000001f681caf240
Event: 6.628 Thread 0x000001f681ca9330 Thread added: 0x000001f681cb00e0
Event: 6.629 Thread 0x000001f681ca9330 Thread added: 0x000001f681cb0830
Event: 6.629 Thread 0x000001f681ca9330 Thread added: 0x000001f681cad500
Event: 6.629 Thread 0x000001f681ca9330 Thread added: 0x000001f681cae3a0
Event: 6.629 Thread 0x000001f681ca9330 Thread added: 0x000001f681caeaf0
Event: 6.629 Thread 0x000001f681ca9330 Thread added: 0x000001f681caf990
Event: 6.630 Thread 0x000001f681ca9330 Thread added: 0x000001f6ff011140
Event: 6.630 Thread 0x000001f681ca9330 Thread added: 0x000001f681536bc0
Event: 6.631 Thread 0x000001f681ca9330 Thread added: 0x000001f6815355d0
Event: 6.631 Thread 0x000001f681ca9330 Thread added: 0x000001f681533fe0
Event: 6.631 Thread 0x000001f681ca9330 Thread added: 0x000001f681537310
Event: 6.669 Thread 0x000001f681cadc50 Thread added: 0x000001f681536470
Event: 6.930 Thread 0x000001f681cadc50 Thread added: 0x000001f681537a60
Event: 6.930 Thread 0x000001f681cadc50 Thread added: 0x000001f681534730
Event: 7.081 Thread 0x000001f681cadc50 Thread added: 0x000001f6815381b0
Event: 7.093 Thread 0x000001f6815381b0 Thread added: 0x000001f681534e80
Event: 7.093 Thread 0x000001f6815381b0 Thread added: 0x000001f681538900


Dynamic libraries:
0x00007ff6e9e20000 - 0x00007ff6e9e30000 	C:\Program Files\Java\jdk-24\bin\java.exe
0x00007ffa9a700000 - 0x00007ffa9a967000 	C:\WINDOWS\SYSTEM32\ntdll.dll
0x00007ffa99660000 - 0x00007ffa99729000 	C:\WINDOWS\System32\KERNEL32.DLL
0x00007ffa974b0000 - 0x00007ffa978a7000 	C:\WINDOWS\System32\KERNELBASE.dll
0x00007ffa979e0000 - 0x00007ffa97b2b000 	C:\WINDOWS\System32\ucrtbase.dll
0x00007ffa72d50000 - 0x00007ffa72d66000 	C:\Program Files\Java\jdk-24\bin\jli.dll
0x00007ffa72ad0000 - 0x00007ffa72aeb000 	C:\Program Files\Java\jdk-24\bin\VCRUNTIME140.dll
0x00007ffa99950000 - 0x00007ffa99b16000 	C:\WINDOWS\System32\USER32.dll
0x00007ffa837f0000 - 0x00007ffa83a82000 	C:\WINDOWS\WinSxS\amd64_microsoft.windows.common-controls_6595b64144ccf1df_6.0.26100.8457_none_3e0b2faee331e92d\COMCTL32.dll
0x00007ffa98c00000 - 0x00007ffa98ca9000 	C:\WINDOWS\System32\msvcrt.dll
0x00007ffa98450000 - 0x00007ffa98477000 	C:\WINDOWS\System32\win32u.dll
0x00007ffa9a1f0000 - 0x00007ffa9a21b000 	C:\WINDOWS\System32\GDI32.dll
0x00007ffa978b0000 - 0x00007ffa979dc000 	C:\WINDOWS\System32\gdi32full.dll
0x00007ffa983a0000 - 0x00007ffa98443000 	C:\WINDOWS\System32\msvcp_win.dll
0x00007ffa99340000 - 0x00007ffa99372000 	C:\WINDOWS\System32\IMM32.DLL
0x00007ffa887c0000 - 0x00007ffa887cc000 	C:\Program Files\Java\jdk-24\bin\vcruntime140_1.dll
0x00007ffa727b0000 - 0x00007ffa7283e000 	C:\Program Files\Java\jdk-24\bin\msvcp140.dll
0x00007ff92cf40000 - 0x00007ff92dce1000 	C:\Program Files\Java\jdk-24\bin\server\jvm.dll
0x00007ffa995a0000 - 0x00007ffa99656000 	C:\WINDOWS\System32\ADVAPI32.dll
0x00007ffa99780000 - 0x00007ffa99827000 	C:\WINDOWS\System32\sechost.dll
0x00007ffa99830000 - 0x00007ffa99948000 	C:\WINDOWS\System32\RPCRT4.dll
0x00007ffa99c00000 - 0x00007ffa99c80000 	C:\WINDOWS\System32\WS2_32.dll
0x00007ffa96f90000 - 0x00007ffa96fee000 	C:\WINDOWS\SYSTEM32\POWRPROF.dll
0x00007ffa902b0000 - 0x00007ffa902e6000 	C:\WINDOWS\SYSTEM32\WINMM.dll
0x00007ffa901e0000 - 0x00007ffa901eb000 	C:\WINDOWS\SYSTEM32\VERSION.dll
0x00007ffa96f70000 - 0x00007ffa96f84000 	C:\WINDOWS\SYSTEM32\UMPDC.dll
0x00007ffa95e80000 - 0x00007ffa95e9b000 	C:\WINDOWS\SYSTEM32\kernel.appcore.dll
0x00007ffa88780000 - 0x00007ffa8878a000 	C:\Program Files\Java\jdk-24\bin\jimage.dll
0x00007ffa95120000 - 0x00007ffa95362000 	C:\WINDOWS\SYSTEM32\DBGHELP.DLL
0x00007ffa98e20000 - 0x00007ffa991a3000 	C:\WINDOWS\System32\combase.dll
0x00007ffa99b20000 - 0x00007ffa99bf9000 	C:\WINDOWS\System32\OLEAUT32.dll
0x00007ffa83ce0000 - 0x00007ffa83d1b000 	C:\WINDOWS\SYSTEM32\dbgcore.DLL
0x00007ffa972b0000 - 0x00007ffa97358000 	C:\WINDOWS\System32\bcryptPrimitives.dll
0x00007ffa72860000 - 0x00007ffa7286f000 	C:\Program Files\Java\jdk-24\bin\instrument.dll
0x00007ffa72a40000 - 0x00007ffa72a5e000 	C:\Program Files\Java\jdk-24\bin\java.dll
0x00007ffa99d10000 - 0x00007ffa99ea7000 	C:\WINDOWS\System32\ole32.dll
0x00007ffa98480000 - 0x00007ffa98bee000 	C:\WINDOWS\System32\SHELL32.dll
0x00007ffa97b30000 - 0x00007ffa9839c000 	C:\WINDOWS\System32\windows.storage.dll
0x00007ffa98cc0000 - 0x00007ffa98db6000 	C:\WINDOWS\System32\SHCORE.dll
0x00007ffa99c90000 - 0x00007ffa99cf6000 	C:\WINDOWS\System32\shlwapi.dll
0x00007ffa97050000 - 0x00007ffa97079000 	C:\WINDOWS\SYSTEM32\profapi.dll
0x00007ffa70f50000 - 0x00007ffa71027000 	C:\Program Files\Java\jdk-24\bin\jsvml.dll
0x00007ffa72990000 - 0x00007ffa729a7000 	C:\Program Files\Java\jdk-24\bin\zip.dll
0x00007ffa729d0000 - 0x00007ffa729e0000 	C:\Program Files\Java\jdk-24\bin\net.dll
0x00007ffa963d0000 - 0x00007ffa9643c000 	C:\WINDOWS\system32\mswsock.dll
0x00007ffa729b0000 - 0x00007ffa729c6000 	C:\Program Files\Java\jdk-24\bin\nio.dll
0x00007ffa72980000 - 0x00007ffa72990000 	C:\Program Files\Java\jdk-24\bin\verify.dll
0x00007ffa72d70000 - 0x00007ffa72d97000 	C:\Users\UserH\.gradle\native\660c5614fbf4a5f2a75b1949f50a0caf5cd603558e7d8a26e50b933a0cfb79d1\windows-amd64\native-platform.dll
0x00007ff979970000 - 0x00007ff9799e7000 	C:\Users\UserH\.gradle\native\0.2.8\x86_64-windows-gnu\gradle-fileevents.dll
0x00007ffa72970000 - 0x00007ffa7297a000 	C:\Program Files\Java\jdk-24\bin\management.dll
0x00007ffa72960000 - 0x00007ffa7296b000 	C:\Program Files\Java\jdk-24\bin\management_ext.dll
0x00007ffa9a6b0000 - 0x00007ffa9a6b8000 	C:\WINDOWS\System32\PSAPI.DLL
0x00007ffa958c0000 - 0x00007ffa958f2000 	C:\WINDOWS\SYSTEM32\IPHLPAPI.DLL
0x00007ffa99d00000 - 0x00007ffa99d0a000 	C:\WINDOWS\System32\NSI.dll
0x00007ffa72870000 - 0x00007ffa72879000 	C:\Program Files\Java\jdk-24\bin\extnet.dll
0x00007ffa967d0000 - 0x00007ffa967eb000 	C:\WINDOWS\SYSTEM32\CRYPTSP.dll
0x00007ffa95de0000 - 0x00007ffa95e19000 	C:\WINDOWS\system32\rsaenh.dll
0x00007ffa96480000 - 0x00007ffa964b3000 	C:\WINDOWS\SYSTEM32\USERENV.dll
0x00007ffa97020000 - 0x00007ffa9704a000 	C:\WINDOWS\SYSTEM32\bcrypt.dll
0x00007ffa96630000 - 0x00007ffa9663c000 	C:\WINDOWS\SYSTEM32\CRYPTBASE.dll
0x00007ffa72720000 - 0x00007ffa7272e000 	C:\Program Files\Java\jdk-24\bin\sunmscapi.dll
0x00007ffa97130000 - 0x00007ffa972a8000 	C:\WINDOWS\System32\CRYPT32.dll
0x00007ffa96930000 - 0x00007ffa96960000 	C:\WINDOWS\SYSTEM32\ncrypt.dll
0x00007ffa968e0000 - 0x00007ffa9691f000 	C:\WINDOWS\SYSTEM32\NTASN1.dll
0x00007ffa37b70000 - 0x00007ffa37b78000 	C:\WINDOWS\system32\wshunix.dll

JVMTI agents:
C:\Users\UserH\.gradle\wrapper\dists\gradle-9.5.1-bin\iq79hdu3mqx29lgffhp8bfmx\gradle-9.5.1\lib\agents\gradle-instrumentation-agent-9.5.1.jar path:C:\Program Files\Java\jdk-24\bin\instrument.dll, loaded, initialized, instrumentlib options:none

dbghelp: loaded successfully - version: 4.0.5 - missing functions: none
symbol engine: initialized successfully - sym options: 0x614 - pdb path: .;C:\Program Files\Java\jdk-24\bin;C:\WINDOWS\SYSTEM32;C:\WINDOWS\WinSxS\amd64_microsoft.windows.common-controls_6595b64144ccf1df_6.0.26100.8457_none_3e0b2faee331e92d;C:\Program Files\Java\jdk-24\bin\server;C:\Users\UserH\.gradle\native\660c5614fbf4a5f2a75b1949f50a0caf5cd603558e7d8a26e50b933a0cfb79d1\windows-amd64;C:\Users\UserH\.gradle\native\0.2.8\x86_64-windows-gnu

VM Arguments:
jvm_args: --add-opens=java.base/java.lang=ALL-UNNAMED --add-opens=java.base/java.lang.invoke=ALL-UNNAMED --add-opens=java.base/java.util=ALL-UNNAMED --add-opens=java.prefs/java.util.prefs=ALL-UNNAMED --add-exports=jdk.compiler/com.sun.tools.javac.api=ALL-UNNAMED --add-exports=jdk.compiler/com.sun.tools.javac.util=ALL-UNNAMED --add-opens=java.base/java.nio.charset=ALL-UNNAMED --add-opens=java.base/java.net=ALL-UNNAMED --add-opens=java.base/java.util.concurrent=ALL-UNNAMED --add-opens=java.base/java.util.concurrent.atomic=ALL-UNNAMED --add-opens=java.xml/javax.xml.namespace=ALL-UNNAMED --add-opens=java.base/java.time=ALL-UNNAMED --enable-native-access=ALL-UNNAMED -XX:MaxMetaspaceSize=384m -XX:+HeapDumpOnOutOfMemoryError -Xms256m -Xmx512m -Dfile.encoding=UTF-8 -Duser.country=RU -Duser.language=ru -Duser.variant -javaagent:C:\Users\UserH\.gradle\wrapper\dists\gradle-9.5.1-bin\iq79hdu3mqx29lgffhp8bfmx\gradle-9.5.1\lib\agents\gradle-instrumentation-agent-9.5.1.jar 
java_command: org.gradle.launcher.daemon.bootstrap.GradleDaemon 9.5.1
java_class_path (initial): C:\Users\UserH\.gradle\wrapper\dists\gradle-9.5.1-bin\iq79hdu3mqx29lgffhp8bfmx\gradle-9.5.1\lib\gradle-daemon-main-9.5.1.jar
Launcher Type: SUN_STANDARD

[Global flags]
     intx CICompilerCount                          = 12                                        {product} {ergonomic}
   size_t CompressedClassSpaceSize                 = 335544320                                 {product} {ergonomic}
     uint ConcGCThreads                            = 3                                         {product} {ergonomic}
     uint G1ConcRefinementThreads                  = 13                                        {product} {ergonomic}
   size_t G1HeapRegionSize                         = 1048576                                   {product} {ergonomic}
     bool HeapDumpOnOutOfMemoryError               = true                                   {manageable} {command line}
   size_t InitialHeapSize                          = 268435456                                 {product} {command line}
   size_t MarkStackSize                            = 4194304                                   {product} {ergonomic}
   size_t MarkStackSizeMax                         = 536870912                                 {product} {ergonomic}
   size_t MaxHeapSize                              = 536870912                                 {product} {command line}
   size_t MaxMetaspaceSize                         = 402653184                                 {product} {command line}
   size_t MaxNewSize                               = 321912832                                 {product} {ergonomic}
   size_t MinHeapDeltaBytes                        = 1048576                                   {product} {ergonomic}
   size_t MinHeapSize                              = 268435456                                 {product} {command line}
    uintx NonNMethodCodeHeapSize                   = 7602176                                {pd product} {ergonomic}
    uintx NonProfiledCodeHeapSize                  = 122093568                              {pd product} {ergonomic}
    uintx ProfiledCodeHeapSize                     = 121962496                              {pd product} {ergonomic}
    uintx ReservedCodeCacheSize                    = 251658240                              {pd product} {ergonomic}
     bool SegmentedCodeCache                       = true                                      {product} {ergonomic}
   size_t SoftMaxHeapSize                          = 536870912                              {manageable} {ergonomic}
     bool UseCompressedOops                        = true                           {product lp64_product} {ergonomic}
     bool UseG1GC                                  = true                                      {product} {ergonomic}
     bool UseLargePagesIndividualAllocation        = false                                  {pd product} {ergonomic}

Logging:
Log output configuration:
 #0: stdout all=warning uptime,level,tags foldmultilines=false
 #1: stderr all=off uptime,level,tags foldmultilines=false

Environment Variables:
JAVA_HOME=C:\Program Files\Java\jdk-24
PATH=C:\Users\UserH\AppData\Local\Programs\Microsoft VS Code;C:\Program Files\Eclipse Adoptium\jdk-17.0.17.10-hotspot\bin;C:\Program Files\Common Files\Oracle\Java\javapath;C:\WINDOWS\System32;C:\WINDOWS;C:\WINDOWS\System32\Wbem;C:\WINDOWS\System32\WindowsPowerShell\v1.0\;C:\Windows\System32\OpenSSH\;C:\Program Files\Git\cmd;C:\mongosh-2.5.10-win32-x64\bin;C:\mongodb-database-tools-windows-x86_64-100.13.0\mongodb-database-tools-windows-x86_64-100.13.0\bin;C:\Program Files\Docker\Docker\resources\bin;C:\Users\UserH\gradle\gradle-9.4.1\bin;;C:\ProgramData\chocolatey\bin;C:\ProgramData\mingw64\mingw64\bin;C:\Users\UserH\AppData\Roaming\local\bin;C:\Users\UserH\AppData\Local\Microsoft\WindowsApps;C:\Users\UserH\AppData\Local\Programs\Microsoft VS Code\bin;C:\ghcup\bin;c:\Users\UserH\.vscode\extensions\vscjava.vscode-java-debug-0.59.0\bundled\scripts\noConfigScripts
USERNAME=UserH
LANG=en_US.UTF-8
OS=Windows_NT
PROCESSOR_IDENTIFIER=AMD64 Family 23 Model 104 Stepping 1, AuthenticAMD
TMP=C:\Users\UserH\AppData\Local\Temp
TEMP=C:\Users\UserH\AppData\Local\Temp




Periodic native trim disabled

---------------  S Y S T E M  ---------------

OS:
 Windows 11 , 64 bit Build 26100 (10.0.26100.8328)
OS uptime: 3 days 10:18 hours
Hyper-V role detected

CPU: total 16 (initial active 16) (16 cores per cpu, 2 threads per core) family 23 model 104 stepping 1 microcode 0x8608103, cx8, cmov, fxsr, ht, mmx, 3dnowpref, sse, sse2, sse3, ssse3, sse4a, sse4.1, sse4.2, popcnt, lzcnt, tsc, tscinvbit, avx, avx2, aes, clmul, bmi1, bmi2, adx, sha, fma, vzeroupper, clflush, clflushopt, hv, rdtscp, rdpid, f16c
Processor Information for the first 16 processors :
  Max Mhz: 1801, Current Mhz: 1801, Mhz Limit: 1801

Memory: 4k page, system-wide physical 15706M (817M free)
TotalPageFile size 44331M (AvailPageFile size 10M)
current process WorkingSet (physical memory assigned to process): 410M, peak: 412M
current process commit charge ("private bytes"): 524M, peak: 542M

vm_info: Java HotSpot(TM) 64-Bit Server VM (24.0.2+12-54) for windows-amd64 JRE (24.0.2+12-54), built on 2025-07-08T12:10:27Z with MS VC++ 17.6 (VS2022)

END.
