2026-05-20 00:25:42,662 INFO o.a.j.u.JMeterUtils: Setting Locale to en_EN
2026-05-20 00:25:42,673 INFO o.a.j.JMeter: Loading user properties from: C:\apache-jmeter-5.6.3\bin\user.properties
2026-05-20 00:25:42,674 INFO o.a.j.JMeter: Loading system properties from: C:\apache-jmeter-5.6.3\bin\system.properties
2026-05-20 00:25:42,679 INFO o.a.j.JMeter: Copyright (c) 1998-2024 The Apache Software Foundation
2026-05-20 00:25:42,679 INFO o.a.j.JMeter: Version 5.6.3
2026-05-20 00:25:42,679 INFO o.a.j.JMeter: java.version=25
2026-05-20 00:25:42,679 INFO o.a.j.JMeter: java.vm.name=OpenJDK 64-Bit Server VM
2026-05-20 00:25:42,679 INFO o.a.j.JMeter: os.name=Windows 11
2026-05-20 00:25:42,679 INFO o.a.j.JMeter: os.arch=amd64
2026-05-20 00:25:42,680 INFO o.a.j.JMeter: os.version=10.0
2026-05-20 00:25:42,680 INFO o.a.j.JMeter: file.encoding=UTF-8
2026-05-20 00:25:42,680 INFO o.a.j.JMeter: java.awt.headless=true
2026-05-20 00:25:42,680 INFO o.a.j.JMeter: Max memory     =1073741824
2026-05-20 00:25:42,680 INFO o.a.j.JMeter: Available Processors =20
2026-05-20 00:25:42,690 INFO o.a.j.JMeter: Default Locale=English (EN)
2026-05-20 00:25:42,691 INFO o.a.j.JMeter: JMeter  Locale=English (EN)
2026-05-20 00:25:42,691 INFO o.a.j.JMeter: JMeterHome=C:\apache-jmeter-5.6.3
2026-05-20 00:25:42,691 INFO o.a.j.JMeter: user.dir  =C:\JProjects\j25-26\tasks\term-2\3
2026-05-20 00:25:42,691 INFO o.a.j.JMeter: PWD       =C:\JProjects\j25-26\tasks\term-2\3
2026-05-20 00:25:42,695 INFO o.a.j.JMeter: IP: 192.168.0.4 Name: MSI FullName: host.docker.internal
2026-05-20 00:25:42,708 INFO o.a.j.s.FileServer: Default base='C:\JProjects\j25-26\tasks\term-2\3'
2026-05-20 00:25:42,708 INFO o.a.j.s.FileServer: Set new base='C:\JProjects\j25-26\tasks\term-2\3\jmeter'
2026-05-20 00:25:42,870 INFO o.a.j.s.SaveService: Testplan (JMX) version: 2.2. Testlog (JTL) version: 2.2
2026-05-20 00:25:42,884 INFO o.a.j.s.SaveService: Using SaveService properties version 5.0
2026-05-20 00:25:42,887 INFO o.a.j.s.SaveService: Using SaveService properties file encoding UTF-8
2026-05-20 00:25:42,890 INFO o.a.j.s.SaveService: Loading file: jmeter\load_test.jmx
2026-05-20 00:25:42,928 INFO o.a.j.p.h.s.HTTPSamplerBase: Parser for text/html is org.apache.jmeter.protocol.http.parser.LagartoBasedHtmlParser
2026-05-20 00:25:42,928 INFO o.a.j.p.h.s.HTTPSamplerBase: Parser for application/xhtml+xml is org.apache.jmeter.protocol.http.parser.LagartoBasedHtmlParser
2026-05-20 00:25:42,928 INFO o.a.j.p.h.s.HTTPSamplerBase: Parser for application/xml is org.apache.jmeter.protocol.http.parser.LagartoBasedHtmlParser
2026-05-20 00:25:42,928 INFO o.a.j.p.h.s.HTTPSamplerBase: Parser for text/xml is org.apache.jmeter.protocol.http.parser.LagartoBasedHtmlParser
2026-05-20 00:25:42,928 INFO o.a.j.p.h.s.HTTPSamplerBase: Parser for text/vnd.wap.wml is org.apache.jmeter.protocol.http.parser.RegexpHTMLParser
2026-05-20 00:25:42,928 INFO o.a.j.p.h.s.HTTPSamplerBase: Parser for text/css is org.apache.jmeter.protocol.http.parser.CssParser
2026-05-20 00:25:42,950 INFO o.a.j.JMeter: Creating summariser <summary>
2026-05-20 00:25:42,960 INFO o.a.j.e.StandardJMeterEngine: Running the test!
2026-05-20 00:25:42,960 INFO o.a.j.s.SampleEvent: List of sample_variables: []
2026-05-20 00:25:42,960 INFO o.a.j.s.SampleEvent: List of sample_variables: []
2026-05-20 00:25:42,964 INFO o.a.j.e.u.CompoundVariable: Note: Function class names must contain the string: '.functions.'
2026-05-20 00:25:42,964 INFO o.a.j.e.u.CompoundVariable: Note: Function class names must not contain the string: '.gui.'
2026-05-20 00:25:43,023 INFO o.a.j.JMeter: Running test (1779225943022)
2026-05-20 00:25:43,040 INFO o.a.j.e.StandardJMeterEngine: Starting ThreadGroup: 1 : Load Test
2026-05-20 00:25:43,040 INFO o.a.j.e.StandardJMeterEngine: Starting 50 threads for group Load Test.
2026-05-20 00:25:43,040 INFO o.a.j.e.StandardJMeterEngine: Thread will continue on error
2026-05-20 00:25:43,040 INFO o.a.j.t.ThreadGroup: Starting thread group... number=1 threads=50 ramp-up=5 delayedStart=false
2026-05-20 00:25:43,046 INFO o.a.j.t.JMeterThread: Thread started: Load Test 1-1
2026-05-20 00:25:43,058 INFO o.a.j.t.ThreadGroup: Started thread group number 1
2026-05-20 00:25:43,058 INFO o.a.j.e.StandardJMeterEngine: All thread groups have been started
2026-05-20 00:25:43,064 INFO o.a.j.p.h.s.HTTPHCAbstractImpl: Local host = MSI
2026-05-20 00:25:43,068 INFO o.a.j.p.h.s.HTTPHC4Impl: HTTP request retry count = 0
2026-05-20 00:25:43,069 INFO o.a.j.s.SampleResult: Note: Sample TimeStamps are START times
2026-05-20 00:25:43,069 INFO o.a.j.s.SampleResult: sampleresult.default.encoding is set to UTF-8
2026-05-20 00:25:43,069 INFO o.a.j.s.SampleResult: sampleresult.useNanoTime=true
2026-05-20 00:25:43,069 INFO o.a.j.s.SampleResult: sampleresult.nanoThreadSleep=5000
2026-05-20 00:25:43,144 INFO o.a.j.t.JMeterThread: Thread started: Load Test 1-2
2026-05-20 00:25:43,244 INFO o.a.j.t.JMeterThread: Thread started: Load Test 1-3
2026-05-20 00:25:43,343 INFO o.a.j.t.JMeterThread: Thread started: Load Test 1-4
2026-05-20 00:25:43,444 INFO o.a.j.t.JMeterThread: Thread started: Load Test 1-5
2026-05-20 00:25:43,543 INFO o.a.j.t.JMeterThread: Thread started: Load Test 1-6
2026-05-20 00:25:43,643 INFO o.a.j.t.JMeterThread: Thread started: Load Test 1-7
2026-05-20 00:25:43,743 INFO o.a.j.t.JMeterThread: Thread started: Load Test 1-8
2026-05-20 00:25:43,842 INFO o.a.j.t.JMeterThread: Thread started: Load Test 1-9
2026-05-20 00:25:43,943 INFO o.a.j.t.JMeterThread: Thread started: Load Test 1-10
2026-05-20 00:25:44,023 INFO o.a.j.t.JMeterThread: Thread is done: Load Test 1-1
2026-05-20 00:25:44,024 INFO o.a.j.t.JMeterThread: Thread finished: Load Test 1-1
2026-05-20 00:25:44,042 INFO o.a.j.t.JMeterThread: Thread started: Load Test 1-11
2026-05-20 00:25:44,048 INFO o.a.j.t.JMeterThread: Thread is done: Load Test 1-2
2026-05-20 00:25:44,048 INFO o.a.j.t.JMeterThread: Thread finished: Load Test 1-2
2026-05-20 00:25:44,141 INFO o.a.j.t.JMeterThread: Thread started: Load Test 1-12
2026-05-20 00:25:44,242 INFO o.a.j.t.JMeterThread: Thread started: Load Test 1-13
2026-05-20 00:25:44,258 INFO o.a.j.t.JMeterThread: Thread is done: Load Test 1-3
2026-05-20 00:25:44,258 INFO o.a.j.t.JMeterThread: Thread finished: Load Test 1-3
2026-05-20 00:25:44,343 INFO o.a.j.t.JMeterThread: Thread started: Load Test 1-14
2026-05-20 00:25:44,440 INFO o.a.j.t.JMeterThread: Thread started: Load Test 1-15
2026-05-20 00:25:44,450 INFO o.a.j.t.JMeterThread: Thread is done: Load Test 1-4
2026-05-20 00:25:44,450 INFO o.a.j.t.JMeterThread: Thread finished: Load Test 1-4
2026-05-20 00:25:44,542 INFO o.a.j.t.JMeterThread: Thread started: Load Test 1-16
2026-05-20 00:25:44,637 INFO o.a.j.t.JMeterThread: Thread is done: Load Test 1-5
2026-05-20 00:25:44,638 INFO o.a.j.t.JMeterThread: Thread finished: Load Test 1-5
2026-05-20 00:25:44,641 INFO o.a.j.t.JMeterThread: Thread started: Load Test 1-17
2026-05-20 00:25:44,745 INFO o.a.j.t.JMeterThread: Thread started: Load Test 1-18
2026-05-20 00:25:44,841 INFO o.a.j.t.JMeterThread: Thread started: Load Test 1-19
2026-05-20 00:25:44,941 INFO o.a.j.t.JMeterThread: Thread started: Load Test 1-20
2026-05-20 00:25:45,026 INFO o.a.j.t.JMeterThread: Thread is done: Load Test 1-6
2026-05-20 00:25:45,027 INFO o.a.j.t.JMeterThread: Thread finished: Load Test 1-6
2026-05-20 00:25:45,041 INFO o.a.j.t.JMeterThread: Thread started: Load Test 1-21
2026-05-20 00:25:45,141 INFO o.a.j.t.JMeterThread: Thread started: Load Test 1-22
2026-05-20 00:25:45,193 INFO o.a.j.t.JMeterThread: Thread is done: Load Test 1-7
2026-05-20 00:25:45,193 INFO o.a.j.t.JMeterThread: Thread finished: Load Test 1-7
2026-05-20 00:25:45,241 INFO o.a.j.t.JMeterThread: Thread started: Load Test 1-23
2026-05-20 00:25:45,341 INFO o.a.j.t.JMeterThread: Thread started: Load Test 1-24
2026-05-20 00:25:45,440 INFO o.a.j.t.JMeterThread: Thread started: Load Test 1-25
2026-05-20 00:25:45,519 INFO o.a.j.t.JMeterThread: Thread is done: Load Test 1-8
2026-05-20 00:25:45,519 INFO o.a.j.t.JMeterThread: Thread finished: Load Test 1-8
2026-05-20 00:25:45,541 INFO o.a.j.t.JMeterThread: Thread started: Load Test 1-26
2026-05-20 00:25:45,641 INFO o.a.j.t.JMeterThread: Thread started: Load Test 1-27
2026-05-20 00:25:45,741 INFO o.a.j.t.JMeterThread: Thread started: Load Test 1-28
2026-05-20 00:25:45,766 INFO o.a.j.t.JMeterThread: Thread is done: Load Test 1-10
2026-05-20 00:25:45,766 INFO o.a.j.t.JMeterThread: Thread finished: Load Test 1-10
2026-05-20 00:25:45,781 INFO o.a.j.t.JMeterThread: Thread is done: Load Test 1-9
2026-05-20 00:25:45,781 INFO o.a.j.t.JMeterThread: Thread finished: Load Test 1-9
2026-05-20 00:25:45,841 INFO o.a.j.t.JMeterThread: Thread started: Load Test 1-29
2026-05-20 00:25:45,941 INFO o.a.j.t.JMeterThread: Thread started: Load Test 1-30
2026-05-20 00:25:46,030 INFO o.a.j.t.JMeterThread: Thread is done: Load Test 1-11
2026-05-20 00:25:46,030 INFO o.a.j.t.JMeterThread: Thread finished: Load Test 1-11
2026-05-20 00:25:46,041 INFO o.a.j.t.JMeterThread: Thread started: Load Test 1-31
2026-05-20 00:25:46,142 INFO o.a.j.t.JMeterThread: Thread started: Load Test 1-32
2026-05-20 00:25:46,241 INFO o.a.j.t.JMeterThread: Thread started: Load Test 1-33
2026-05-20 00:25:46,342 INFO o.a.j.t.JMeterThread: Thread started: Load Test 1-34
2026-05-20 00:25:46,360 INFO o.a.j.t.JMeterThread: Thread is done: Load Test 1-12
2026-05-20 00:25:46,360 INFO o.a.j.t.JMeterThread: Thread finished: Load Test 1-12
2026-05-20 00:25:46,442 INFO o.a.j.t.JMeterThread: Thread started: Load Test 1-35
2026-05-20 00:25:46,542 INFO o.a.j.t.JMeterThread: Thread started: Load Test 1-36
2026-05-20 00:25:46,605 INFO o.a.j.t.JMeterThread: Thread is done: Load Test 1-13
2026-05-20 00:25:46,605 INFO o.a.j.t.JMeterThread: Thread finished: Load Test 1-13
2026-05-20 00:25:46,626 INFO o.a.j.t.JMeterThread: Thread is done: Load Test 1-14
2026-05-20 00:25:46,626 INFO o.a.j.t.JMeterThread: Thread finished: Load Test 1-14
2026-05-20 00:25:46,642 INFO o.a.j.t.JMeterThread: Thread started: Load Test 1-37
2026-05-20 00:25:46,742 INFO o.a.j.t.JMeterThread: Thread started: Load Test 1-38
2026-05-20 00:25:46,842 INFO o.a.j.t.JMeterThread: Thread started: Load Test 1-39
2026-05-20 00:25:46,910 INFO o.a.j.t.JMeterThread: Thread is done: Load Test 1-15
2026-05-20 00:25:46,910 INFO o.a.j.t.JMeterThread: Thread finished: Load Test 1-15
2026-05-20 00:25:46,941 INFO o.a.j.t.JMeterThread: Thread started: Load Test 1-40
2026-05-20 00:25:47,041 INFO o.a.j.t.JMeterThread: Thread started: Load Test 1-41
2026-05-20 00:25:47,065 INFO o.a.j.t.JMeterThread: Thread is done: Load Test 1-16
2026-05-20 00:25:47,065 INFO o.a.j.t.JMeterThread: Thread finished: Load Test 1-16
2026-05-20 00:25:47,075 INFO o.a.j.t.JMeterThread: Thread is done: Load Test 1-17
2026-05-20 00:25:47,075 INFO o.a.j.t.JMeterThread: Thread finished: Load Test 1-17
2026-05-20 00:25:47,141 INFO o.a.j.t.JMeterThread: Thread started: Load Test 1-42
2026-05-20 00:25:47,222 INFO o.a.j.t.JMeterThread: Thread is done: Load Test 1-18
2026-05-20 00:25:47,222 INFO o.a.j.t.JMeterThread: Thread finished: Load Test 1-18
2026-05-20 00:25:47,242 INFO o.a.j.t.JMeterThread: Thread started: Load Test 1-43
2026-05-20 00:25:47,277 INFO o.a.j.t.JMeterThread: Thread is done: Load Test 1-19
2026-05-20 00:25:47,277 INFO o.a.j.t.JMeterThread: Thread finished: Load Test 1-19
2026-05-20 00:25:47,342 INFO o.a.j.t.JMeterThread: Thread started: Load Test 1-44
2026-05-20 00:25:47,402 INFO o.a.j.t.JMeterThread: Thread is done: Load Test 1-20
2026-05-20 00:25:47,403 INFO o.a.j.t.JMeterThread: Thread finished: Load Test 1-20
2026-05-20 00:25:47,442 INFO o.a.j.t.JMeterThread: Thread started: Load Test 1-45
2026-05-20 00:25:47,491 INFO o.a.j.t.JMeterThread: Thread is done: Load Test 1-21
2026-05-20 00:25:47,491 INFO o.a.j.t.JMeterThread: Thread finished: Load Test 1-21
2026-05-20 00:25:47,541 INFO o.a.j.t.JMeterThread: Thread started: Load Test 1-46
2026-05-20 00:25:47,555 INFO o.a.j.t.JMeterThread: Thread is done: Load Test 1-22
2026-05-20 00:25:47,555 INFO o.a.j.t.JMeterThread: Thread finished: Load Test 1-22
2026-05-20 00:25:47,640 INFO o.a.j.t.JMeterThread: Thread started: Load Test 1-47
2026-05-20 00:25:47,709 INFO o.a.j.t.JMeterThread: Thread is done: Load Test 1-23
2026-05-20 00:25:47,710 INFO o.a.j.t.JMeterThread: Thread finished: Load Test 1-23
2026-05-20 00:25:47,741 INFO o.a.j.t.JMeterThread: Thread started: Load Test 1-48
2026-05-20 00:25:47,747 INFO o.a.j.t.JMeterThread: Thread is done: Load Test 1-24
2026-05-20 00:25:47,747 INFO o.a.j.t.JMeterThread: Thread finished: Load Test 1-24
2026-05-20 00:25:47,841 INFO o.a.j.t.JMeterThread: Thread started: Load Test 1-49
2026-05-20 00:25:47,881 INFO o.a.j.t.JMeterThread: Thread is done: Load Test 1-25
2026-05-20 00:25:47,882 INFO o.a.j.t.JMeterThread: Thread finished: Load Test 1-25
2026-05-20 00:25:47,900 INFO o.a.j.t.JMeterThread: Thread is done: Load Test 1-26
2026-05-20 00:25:47,900 INFO o.a.j.t.JMeterThread: Thread finished: Load Test 1-26
2026-05-20 00:25:47,942 INFO o.a.j.t.JMeterThread: Thread started: Load Test 1-50
2026-05-20 00:25:48,040 INFO o.a.j.t.JMeterThread: Thread is done: Load Test 1-27
2026-05-20 00:25:48,041 INFO o.a.j.t.JMeterThread: Thread finished: Load Test 1-27
2026-05-20 00:25:48,072 INFO o.a.j.t.JMeterThread: Thread is done: Load Test 1-28
2026-05-20 00:25:48,072 INFO o.a.j.t.JMeterThread: Thread finished: Load Test 1-28
2026-05-20 00:25:48,151 INFO o.a.j.t.JMeterThread: Thread is done: Load Test 1-29
2026-05-20 00:25:48,151 INFO o.a.j.t.JMeterThread: Thread finished: Load Test 1-29
2026-05-20 00:25:48,217 INFO o.a.j.t.JMeterThread: Thread is done: Load Test 1-30
2026-05-20 00:25:48,217 INFO o.a.j.t.JMeterThread: Thread finished: Load Test 1-30
2026-05-20 00:25:48,222 INFO o.a.j.t.JMeterThread: Thread is done: Load Test 1-31
2026-05-20 00:25:48,222 INFO o.a.j.t.JMeterThread: Thread finished: Load Test 1-31
2026-05-20 00:25:48,321 INFO o.a.j.t.JMeterThread: Thread is done: Load Test 1-32
2026-05-20 00:25:48,321 INFO o.a.j.t.JMeterThread: Thread finished: Load Test 1-32
2026-05-20 00:25:48,383 INFO o.a.j.t.JMeterThread: Thread is done: Load Test 1-33
2026-05-20 00:25:48,383 INFO o.a.j.t.JMeterThread: Thread finished: Load Test 1-33
2026-05-20 00:25:48,409 INFO o.a.j.t.JMeterThread: Thread is done: Load Test 1-34
2026-05-20 00:25:48,409 INFO o.a.j.t.JMeterThread: Thread finished: Load Test 1-34
2026-05-20 00:25:48,491 INFO o.a.j.t.JMeterThread: Thread is done: Load Test 1-35
2026-05-20 00:25:48,491 INFO o.a.j.t.JMeterThread: Thread finished: Load Test 1-35
2026-05-20 00:25:48,522 INFO o.a.j.t.JMeterThread: Thread is done: Load Test 1-36
2026-05-20 00:25:48,523 INFO o.a.j.t.JMeterThread: Thread finished: Load Test 1-36
2026-05-20 00:25:48,569 INFO o.a.j.t.JMeterThread: Thread is done: Load Test 1-37
2026-05-20 00:25:48,569 INFO o.a.j.t.JMeterThread: Thread finished: Load Test 1-37
2026-05-20 00:25:48,631 INFO o.a.j.t.JMeterThread: Thread is done: Load Test 1-38
2026-05-20 00:25:48,631 INFO o.a.j.t.JMeterThread: Thread finished: Load Test 1-38
2026-05-20 00:25:48,674 INFO o.a.j.t.JMeterThread: Thread is done: Load Test 1-39
2026-05-20 00:25:48,674 INFO o.a.j.t.JMeterThread: Thread finished: Load Test 1-39
2026-05-20 00:25:48,745 INFO o.a.j.t.JMeterThread: Thread is done: Load Test 1-40
2026-05-20 00:25:48,745 INFO o.a.j.t.JMeterThread: Thread finished: Load Test 1-40
2026-05-20 00:25:48,772 INFO o.a.j.t.JMeterThread: Thread is done: Load Test 1-41
2026-05-20 00:25:48,772 INFO o.a.j.t.JMeterThread: Thread finished: Load Test 1-41
2026-05-20 00:25:48,818 INFO o.a.j.t.JMeterThread: Thread is done: Load Test 1-42
2026-05-20 00:25:48,818 INFO o.a.j.t.JMeterThread: Thread finished: Load Test 1-42
2026-05-20 00:25:48,849 INFO o.a.j.t.JMeterThread: Thread is done: Load Test 1-43
2026-05-20 00:25:48,849 INFO o.a.j.t.JMeterThread: Thread finished: Load Test 1-43
2026-05-20 00:25:48,873 INFO o.a.j.t.JMeterThread: Thread is done: Load Test 1-44
2026-05-20 00:25:48,873 INFO o.a.j.t.JMeterThread: Thread finished: Load Test 1-44
2026-05-20 00:25:48,890 INFO o.a.j.t.JMeterThread: Thread is done: Load Test 1-45
2026-05-20 00:25:48,890 INFO o.a.j.t.JMeterThread: Thread finished: Load Test 1-45
2026-05-20 00:25:48,916 INFO o.a.j.t.JMeterThread: Thread is done: Load Test 1-46
2026-05-20 00:25:48,916 INFO o.a.j.t.JMeterThread: Thread finished: Load Test 1-46
2026-05-20 00:25:48,931 INFO o.a.j.t.JMeterThread: Thread is done: Load Test 1-47
2026-05-20 00:25:48,931 INFO o.a.j.t.JMeterThread: Thread finished: Load Test 1-47
2026-05-20 00:25:48,944 INFO o.a.j.t.JMeterThread: Thread is done: Load Test 1-48
2026-05-20 00:25:48,944 INFO o.a.j.t.JMeterThread: Thread finished: Load Test 1-48
2026-05-20 00:25:48,953 INFO o.a.j.t.JMeterThread: Thread is done: Load Test 1-49
2026-05-20 00:25:48,953 INFO o.a.j.t.JMeterThread: Thread finished: Load Test 1-49
2026-05-20 00:25:48,958 INFO o.a.j.t.JMeterThread: Thread is done: Load Test 1-50
2026-05-20 00:25:48,958 INFO o.a.j.t.JMeterThread: Thread finished: Load Test 1-50
2026-05-20 00:25:48,958 INFO o.a.j.e.StandardJMeterEngine: Notifying test listeners of end of test
2026-05-20 00:25:48,960 INFO o.a.j.r.Summariser: summary =  10000 in 00:00:06 = 1684.6/s Avg:     9 Min:     0 Max:    48 Err:  5000 (50.00%)
