2026.05.19 20:21:23 INFO  Started: Metals version 1.6.7 in folders 'C:\JProjects\j25-26\tasks\term-2\1\JsonParser\src\ru\lab\json\serializer' for client Visual Studio Code 1.119.1.
2026.05.19 20:21:23 INFO  Memory monitor started
2026.05.19 20:21:24 WARN  Using H2 2.4.240 which is newer than the version Flyway has been verified with. The latest verified version of H2 is 2.3.232.
2026.05.19 20:21:24 INFO  no build target found for C:\JProjects\j25-26\tasks\term-2\1\JsonParser\src\ru\lab\json\serializer\JsonSerializer.java. Using fallback presentation compiler.
2026.05.19 20:21:24 INFO  no build target found for C:\JProjects\j25-26\tasks\term-2\1\JsonParser\src\ru\lab\json\serializer\JsonSerializer.java. Using fallback presentation compiler.
2026.05.19 20:21:25 WARN  no build tool detected in workspace 'C:\JProjects\j25-26\tasks\term-2\1\JsonParser\src\ru\lab\json\serializer'. The most common cause for this problem is that the editor was opened in the wrong working directory, for example if you use sbt then the workspace directory should contain build.sbt. 
2026.05.19 20:21:25 WARN  Build server is not auto-connectable.
2026.05.19 20:21:25 WARN  no build target for: C:\JProjects\j25-26\tasks\term-2\1\JsonParser\src\ru\lab\json\serializer\JsonSerializer.java
2026.05.19 20:21:26 INFO  no build target found for C:\JProjects\j25-26\tasks\term-2\1\JsonParser\src\ru\lab\json\serializer\JsonSerializer.java. Using fallback presentation compiler.
2026.05.19 20:21:26 INFO  no build target found for C:\JProjects\j25-26\tasks\term-2\1\JsonParser\src\ru\lab\json\serializer\JsonSerializer.java. Using fallback presentation compiler.
2026.05.19 20:21:26 INFO  no build target found for C:\JProjects\j25-26\tasks\term-2\1\JsonParser\src\ru\lab\json\serializer\JsonSerializer.java. Using fallback presentation compiler.
2026.05.19 20:21:26 INFO  no build target found for C:\JProjects\j25-26\tasks\term-2\1\JsonParser\src\ru\lab\json\serializer\JsonSerializer.java. Using fallback presentation compiler.
2026.05.19 20:21:26 INFO  no build target found for C:\JProjects\j25-26\tasks\term-2\1\JsonParser\src\ru\lab\json\serializer\JsonSerializer.java. Using fallback presentation compiler.
мая 19, 2026 8:21:26 PM org.eclipse.lsp4j.jsonrpc.RemoteEndpoint handleCancellation
WARNING: Unmatched cancel notification for request id 10
мая 19, 2026 8:21:26 PM org.eclipse.lsp4j.jsonrpc.RemoteEndpoint handleCancellation
WARNING: Unmatched cancel notification for request id 12
2026.05.19 20:21:28 INFO  no build target found for C:\JProjects\j25-26\tasks\term-2\1\JsonParser\src\ru\lab\json\serializer\JsonSerializer.java. Using fallback presentation compiler.
2026.05.19 20:21:28 INFO  no build target found for C:\JProjects\j25-26\tasks\term-2\1\JsonParser\src\ru\lab\json\serializer\JsonSerializer.java. Using fallback presentation compiler.
2026.05.19 20:21:29 INFO  no build target found for C:\JProjects\j25-26\tasks\term-2\1\JsonParser\src\ru\lab\json\serializer\JsonSerializer.java. Using fallback presentation compiler.
2026.05.19 20:21:30 INFO  no build target found for C:\JProjects\j25-26\tasks\term-2\1\JsonParser\src\ru\lab\json\serializer\JsonSerializer.java. Using fallback presentation compiler.
2026.05.19 20:21:31 INFO  no build target found for C:\JProjects\j25-26\tasks\term-2\1\JsonParser\src\ru\lab\json\serializer\JsonSerializer.java. Using fallback presentation compiler.
2026.05.19 20:21:49 INFO  no build target found for C:\JProjects\j25-26\tasks\term-2\1\JsonParser\src\ru\lab\json\serializer\JsonSerializer.java. Using fallback presentation compiler.
2026.05.19 20:21:57 INFO  Shutting down server
2026.05.19 20:21:57 INFO  Memory monitor stopped
2026.05.19 20:21:57 INFO  shutting down Metals
2026.05.19 20:21:57 INFO  Exiting server
